
Optional file libmchp_peripheral.a not found

Optional file libmchp_peripheral_32MX795F512L.a not found
Archive member included because of file (symbol)

c:/program files (x86)/microchip/xc32/v2.15/bin/bin/../../lib/gcc/pic32mx/4.8.3\libgcc.a(_udivdi3.o)
                              build/default/production/_ext/1264926591/sys_tmr.o (__udivdi3)
c:/program files (x86)/microchip/xc32/v2.15/bin/bin/../../lib/gcc/pic32mx/4.8.3/../../../../pic32mx/lib\libpic32.a(memset.o)
                              build/default/production/_ext/568870469/drv_spi.o (memset)
c:/program files (x86)/microchip/xc32/v2.15/bin/bin/../../lib/gcc/pic32mx/4.8.3/../../../../pic32mx/lib\libpic32.a(default-bootstrap-exception-handler.o)
                              C:\Users\jvasquez\AppData\Local\Temp\1\ccMO0G7Y.o (_bootstrap_exception_handler)
c:/program files (x86)/microchip/xc32/v2.15/bin/bin/../../lib/gcc/pic32mx/4.8.3/../../../../pic32mx/lib\libpic32.a(default-on-reset.o)
                              C:\Users\jvasquez\AppData\Local\Temp\1\ccMO0G7Y.o (_on_reset)
c:/program files (x86)/microchip/xc32/v2.15/bin/bin/../../lib/gcc/pic32mx/4.8.3/../../../../pic32mx/lib\libpic32.a(default-on-bootstrap.o)
                              C:\Users\jvasquez\AppData\Local\Temp\1\ccMO0G7Y.o (_on_bootstrap)
c:/program files (x86)/microchip/xc32/v2.15/bin/bin/../../lib/gcc/pic32mx/4.8.3/../../../../pic32mx/lib\libpic32.a(default-nmi-handler.o)
                              C:\Users\jvasquez\AppData\Local\Temp\1\ccMO0G7Y.o (_nmi_handler)
c:/program files (x86)/microchip/xc32/v2.15/bin/bin/../../lib/gcc/pic32mx/4.8.3/../../../../pic32mx/lib\libpic32.a(pic32_data_init.o)
                              C:\Users\jvasquez\AppData\Local\Temp\1\ccMO0G7Y.o (__pic32_data_init)
c:/program files (x86)/microchip/xc32/v2.15/bin/bin/../../lib/gcc/pic32mx/4.8.3/../../../../pic32mx/lib\libpic32.a(general-exception.o)
                              C:\Users\jvasquez\AppData\Local\Temp\1\ccMO0G7Y.o (_general_exception_context)
c:/program files (x86)/microchip/xc32/v2.15/bin/bin/../../lib/gcc/pic32mx/4.8.3/../../../../pic32mx/lib\libpic32.a(vector0.o)
                              C:\Users\jvasquez\AppData\Local\Temp\1\ccqTKJJC.o (__vector_dispatch_0)
c:/program files (x86)/microchip/xc32/v2.15/bin/bin/../../lib/gcc/pic32mx/4.8.3/../../../../pic32mx/lib\libpic32.a(vector1.o)
                              C:\Users\jvasquez\AppData\Local\Temp\1\ccqTKJJC.o (__vector_dispatch_1)
c:/program files (x86)/microchip/xc32/v2.15/bin/bin/../../lib/gcc/pic32mx/4.8.3/../../../../pic32mx/lib\libpic32.a(vector2.o)
                              C:\Users\jvasquez\AppData\Local\Temp\1\ccqTKJJC.o (__vector_dispatch_2)
c:/program files (x86)/microchip/xc32/v2.15/bin/bin/../../lib/gcc/pic32mx/4.8.3/../../../../pic32mx/lib\libpic32.a(vector3.o)
                              C:\Users\jvasquez\AppData\Local\Temp\1\ccqTKJJC.o (__vector_dispatch_3)
c:/program files (x86)/microchip/xc32/v2.15/bin/bin/../../lib/gcc/pic32mx/4.8.3/../../../../pic32mx/lib\libpic32.a(vector5.o)
                              C:\Users\jvasquez\AppData\Local\Temp\1\ccqTKJJC.o (__vector_dispatch_5)
c:/program files (x86)/microchip/xc32/v2.15/bin/bin/../../lib/gcc/pic32mx/4.8.3/../../../../pic32mx/lib\libpic32.a(vector6.o)
                              C:\Users\jvasquez\AppData\Local\Temp\1\ccqTKJJC.o (__vector_dispatch_6)
c:/program files (x86)/microchip/xc32/v2.15/bin/bin/../../lib/gcc/pic32mx/4.8.3/../../../../pic32mx/lib\libpic32.a(vector7.o)
                              C:\Users\jvasquez\AppData\Local\Temp\1\ccqTKJJC.o (__vector_dispatch_7)
c:/program files (x86)/microchip/xc32/v2.15/bin/bin/../../lib/gcc/pic32mx/4.8.3/../../../../pic32mx/lib\libpic32.a(vector9.o)
                              C:\Users\jvasquez\AppData\Local\Temp\1\ccqTKJJC.o (__vector_dispatch_9)
c:/program files (x86)/microchip/xc32/v2.15/bin/bin/../../lib/gcc/pic32mx/4.8.3/../../../../pic32mx/lib\libpic32.a(vector10.o)
                              C:\Users\jvasquez\AppData\Local\Temp\1\ccqTKJJC.o (__vector_dispatch_10)
c:/program files (x86)/microchip/xc32/v2.15/bin/bin/../../lib/gcc/pic32mx/4.8.3/../../../../pic32mx/lib\libpic32.a(vector11.o)
                              C:\Users\jvasquez\AppData\Local\Temp\1\ccqTKJJC.o (__vector_dispatch_11)
c:/program files (x86)/microchip/xc32/v2.15/bin/bin/../../lib/gcc/pic32mx/4.8.3/../../../../pic32mx/lib\libpic32.a(vector12.o)
                              C:\Users\jvasquez\AppData\Local\Temp\1\ccqTKJJC.o (__vector_dispatch_12)
c:/program files (x86)/microchip/xc32/v2.15/bin/bin/../../lib/gcc/pic32mx/4.8.3/../../../../pic32mx/lib\libpic32.a(vector13.o)
                              C:\Users\jvasquez\AppData\Local\Temp\1\ccqTKJJC.o (__vector_dispatch_13)
c:/program files (x86)/microchip/xc32/v2.15/bin/bin/../../lib/gcc/pic32mx/4.8.3/../../../../pic32mx/lib\libpic32.a(vector14.o)
                              C:\Users\jvasquez\AppData\Local\Temp\1\ccqTKJJC.o (__vector_dispatch_14)
[...]
Memory Configuration

Name             Origin             Length             Attributes
kseg0_program_mem 0x9d000000         0x00080000         xr
kseg0_boot_mem   0x9fc00490         0x00000970
exception_mem    0x9fc01000         0x00001000
kseg1_boot_mem   0xbfc00000         0x00000490
debug_exec_mem   0xbfc02000         0x00000ff0
config3          0xbfc02ff0         0x00000004
config2          0xbfc02ff4         0x00000004
config1          0xbfc02ff8         0x00000004
config0          0xbfc02ffc         0x00000004
kseg1_data_mem   0xa0000000         0x00020000         w !x
sfrs             0xbf800000         0x00100000
configsfrs       0xbfc02ff0         0x00000010
*default*        0x00000000         0xffffffff

Linker script and memory map

LOAD c:/program files (x86)/microchip/xc32/v2.15/bin/bin/../../lib/gcc/pic32mx/4.8.3/../../../../pic32mx/lib\debug-exception-return.o
LOAD build/default/production/_ext/1361460060/drv_adc_static.o
LOAD build/default/production/_ext/977502197/drv_spi_tasks.o
LOAD build/default/production/_ext/977502197/drv_spi_api.o
LOAD build/default/production/_ext/977502197/drv_spi_master_rm_tasks.o
LOAD build/default/production/_ext/977502197/drv_spi_slave_rm_tasks.o
LOAD build/default/production/_ext/639803181/sys_clk_pic32mx.o
LOAD build/default/production/_ext/340578644/sys_devcon.o
LOAD build/default/production/_ext/340578644/sys_devcon_pic32mx.o
LOAD build/default/production/_ext/822048611/sys_ports_static.o
LOAD build/default/production/_ext/1688732426/system_init.o
LOAD build/default/production/_ext/1688732426/system_interrupt.o
LOAD build/default/production/_ext/1688732426/system_exceptions.o
LOAD build/default/production/_ext/1688732426/system_tasks.o
LOAD build/default/production/_ext/1360937237/ccard.o
LOAD build/default/production/_ext/1360937237/main.o
LOAD build/default/production/_ext/1360937237/TES_relay_set.o
LOAD build/default/production/_ext/568870469/drv_spi.o
LOAD build/default/production/_ext/465164171/drv_spi_sys_queue_fifo.o
LOAD build/default/production/_ext/185269848/drv_tmr.o
LOAD build/default/production/_ext/122796885/sys_int_pic32.o
LOAD build/default/production/_ext/1264926591/sys_tmr.o
LOAD ..\..\..\..\bin\framework\peripheral\PIC32MX795F512L_peripherals.a
                0x00000001                __MPLAB_BUILD = 0x1
                0x00000000                _min_heap_size = 0x0
LOAD C:\Users\jvasquez\AppData\Local\Temp\1\ccMO0G7Y.o
LOAD C:\Users\jvasquez\AppData\Local\Temp\1\ccIERxU8.o
LOAD C:\Users\jvasquez\AppData\Local\Temp\1\ccqTKJJC.o
LOAD c:/program files (x86)/microchip/xc32/v2.15/bin/bin/../../lib/gcc/pic32mx/4.8.3/../../../../pic32mx/lib/./proc/32MX795F512L\default_isr_vectors.o
LOAD c:/program files (x86)/microchip/xc32/v2.15/bin/bin/../../lib/gcc/pic32mx/4.8.3/../../../../pic32mx/lib\pic32_software_reset.o
                0x00000400                PROVIDE (_min_stack_size, 0x400)
START GROUP
LOAD c:/program files (x86)/microchip/xc32/v2.15/bin/bin/../../lib/gcc/pic32mx/4.8.3/../../../../pic32mx/lib/./proc/32MX795F512L\processor.o
END GROUP
START GROUP
LOAD libmchp_peripheral.a
END GROUP
START GROUP
LOAD libmchp_peripheral_32MX795F512L.a
END GROUP
                0x00000001                PROVIDE (_vector_spacing, 0x1)
                0x9fc01000                PROVIDE (_ebase_address, 0x9fc01000)
                0xbfc00000                _RESET_ADDR = 0xbfc00000
                0xbfc00380                _BEV_EXCPT_ADDR = 0xbfc00380
                0xbfc00480                _DBG_EXCPT_ADDR = 0xbfc00480
                0xbfc02000                _DBG_CODE_ADDR = 0xbfc02000
                0x00000ff0                _DBG_CODE_SIZE = 0xff0
                0x9fc01180                _GEN_EXCPT_ADDR = (_ebase_address + 0x180)

.config_BFC02FF0
                0xbfc02ff0        0x4
 *(.config_BFC02FF0)
 .config_BFC02FF0
                0xbfc02ff0        0x4 build/default/production/_ext/1688732426/system_init.o

.config_BFC02FF4
                0xbfc02ff4        0x4
 *(.config_BFC02FF4)
 .config_BFC02FF4
                0xbfc02ff4        0x4 build/default/production/_ext/1688732426/system_init.o

.config_BFC02FF8
                0xbfc02ff8        0x4
 *(.config_BFC02FF8)
 .config_BFC02FF8
                0xbfc02ff8        0x4 build/default/production/_ext/1688732426/system_init.o

.config_BFC02FFC
                0xbfc02ffc        0x4
 *(.config_BFC02FFC)
 .config_BFC02FFC
                0xbfc02ffc        0x4 build/default/production/_ext/1688732426/system_init.o
                0xbfc02000                PROVIDE (_DBG_CODE_ADDR, 0xbfc02000)
                0x00000ff0                PROVIDE (_DBG_CODE_SIZE, 0xff0)

.reset          0xbfc00000      0x1a8
 *(.reset)
 .reset         0xbfc00000        0x8 C:\Users\jvasquez\AppData\Local\Temp\1\ccMO0G7Y.o
                0xbfc00000                _reset
 *(.reset.startup)
 .reset.startup
                0xbfc00008      0x1a0 C:\Users\jvasquez\AppData\Local\Temp\1\ccMO0G7Y.o
                0xbfc00008                _startup

.bev_excpt      0xbfc00380       0x10
 *(.bev_handler)
 .bev_handler   0xbfc00380       0x10 C:\Users\jvasquez\AppData\Local\Temp\1\ccMO0G7Y.o

.dbg_excpt      0xbfc00480        0x0
                0xbfc00480                . = (. + DEFINED (_DEBUGGER)?0x8:0x0)

.dbg_code       0xbfc02000        0x0
                0xbfc02000                . = (. + DEFINED (_DEBUGGER)?_DBG_CODE_SIZE:0x0)

.app_excpt      0x9fc01180       0x10
 *(.gen_handler)
 .gen_handler   0x9fc01180       0x10 C:\Users\jvasquez\AppData\Local\Temp\1\ccMO0G7Y.o

.vector_0       0x9fc01200        0x8
 *(.vector_0)
 .vector_0      0x9fc01200        0x8 c:/program files (x86)/microchip/xc32/v2.15/bin/bin/../../lib/gcc/pic32mx/4.8.3/../../../../pic32mx/lib\libpic32.a(vector0.o)
                0x9fc01200                __vector_dispatch_0
                0x00000001                ASSERT (((_vector_spacing == 0x0) || (SIZEOF (.vector_0) <= (_vector_spacing << 0x5))), function at exception vector 0 too large)

.vector_1       0x9fc01220        0x8
 *(.vector_1)
 .vector_1      0x9fc01220        0x8 c:/program files (x86)/microchip/xc32/v2.15/bin/bin/../../lib/gcc/pic32mx/4.8.3/../../../../pic32mx/lib\libpic32.a(vector1.o)
                0x9fc01220                __vector_dispatch_1
                0x00000001                ASSERT (((_vector_spacing == 0x0) || (SIZEOF (.vector_1) <= (_vector_spacing << 0x5))), function at exception vector 1 too large)

.vector_2       0x9fc01240        0x8
 *(.vector_2)
 .vector_2      0x9fc01240        0x8 c:/program files (x86)/microchip/xc32/v2.15/bin/bin/../../lib/gcc/pic32mx/4.8.3/../../../../pic32mx/lib\libpic32.a(vector2.o)
                0x9fc01240                __vector_dispatch_2
                0x00000001                ASSERT (((_vector_spacing == 0x0) || (SIZEOF (.vector_2) <= (_vector_spacing << 0x5))), function at exception vector 2 too large)

.vector_3       0x9fc01260        0x8
 *(.vector_3)
 .vector_3      0x9fc01260        0x8 c:/program files (x86)/microchip/xc32/v2.15/bin/bin/../../lib/gcc/pic32mx/4.8.3/../../../../pic32mx/lib\libpic32.a(vector3.o)
                0x9fc01260                __vector_dispatch_3
                0x00000001                ASSERT (((_vector_spacing == 0x0) || (SIZEOF (.vector_3) <= (_vector_spacing << 0x5))), function at exception vector 3 too large)

.vector_4       0x9fc01280        0x8
 *(.vector_4)
 .vector_4      0x9fc01280        0x8 build/default/production/_ext/1688732426/system_interrupt.o
                0x9fc01280                __vector_dispatch_4
                0x00000001                ASSERT (((_vector_spacing == 0x0) || (SIZEOF (.vector_4) <= (_vector_spacing << 0x5))), function at exception vector 4 too large)

.vector_5       0x9fc012a0        0x8
 *(.vector_5)
 .vector_5      0x9fc012a0        0x8 c:/program files (x86)/microchip/xc32/v2.15/bin/bin/../../lib/gcc/pic32mx/4.8.3/../../../../pic32mx/lib\libpic32.a(vector5.o)
                0x9fc012a0                __vector_dispatch_5
                0x00000001                ASSERT (((_vector_spacing == 0x0) || (SIZEOF (.vector_5) <= (_vector_spacing << 0x5))), function at exception vector 5 too large)

.vector_6       0x9fc012c0        0x8
 *(.vector_6)
 .vector_6      0x9fc012c0        0x8 c:/program files (x86)/microchip/xc32/v2.15/bin/bin/../../lib/gcc/pic32mx/4.8.3/../../../../pic32mx/lib\libpic32.a(vector6.o)
                0x9fc012c0                __vector_dispatch_6
                0x00000001                ASSERT (((_vector_spacing == 0x0) || (SIZEOF (.vector_6) <= (_vector_spacing << 0x5))), function at exception vector 6 too large)

.vector_7       0x9fc012e0        0x8
 *(.vector_7)
 .vector_7      0x9fc012e0        0x8 c:/program files (x86)/microchip/xc32/v2.15/bin/bin/../../lib/gcc/pic32mx/4.8.3/../../../../pic32mx/lib\libpic32.a(vector7.o)
                0x9fc012e0                __vector_dispatch_7
                0x00000001                ASSERT (((_vector_spacing == 0x0) || (SIZEOF (.vector_7) <= (_vector_spacing << 0x5))), function at exception vector 7 too large)

.vector_8       0x9fc01300        0x8
 *(.vector_8)
 .vector_8      0x9fc01300        0x8 build/default/production/_ext/1688732426/system_interrupt.o
                0x9fc01300                __vector_dispatch_8
                0x00000001                ASSERT (((_vector_spacing == 0x0) || (SIZEOF (.vector_8) <= (_vector_spacing << 0x5))), function at exception vector 8 too large)

.vector_9       0x9fc01320        0x8
 *(.vector_9)
 .vector_9      0x9fc01320        0x8 c:/program files (x86)/microchip/xc32/v2.15/bin/bin/../../lib/gcc/pic32mx/4.8.3/../../../../pic32mx/lib\libpic32.a(vector9.o)
                0x9fc01320                __vector_dispatch_9
                0x00000001                ASSERT (((_vector_spacing == 0x0) || (SIZEOF (.vector_9) <= (_vector_spacing << 0x5))), function at exception vector 9 too large)

.vector_10      0x9fc01340        0x8
 *(.vector_10)
 .vector_10     0x9fc01340        0x8 c:/program files (x86)/microchip/xc32/v2.15/bin/bin/../../lib/gcc/pic32mx/4.8.3/../../../../pic32mx/lib\libpic32.a(vector10.o)
                0x9fc01340                __vector_dispatch_10
                0x00000001                ASSERT (((_vector_spacing == 0x0) || (SIZEOF (.vector_10) <= (_vector_spacing << 0x5))), function at exception vector 10 too large)

.vector_11      0x9fc01360        0x8
 *(.vector_11)
 .vector_11     0x9fc01360        0x8 c:/program files (x86)/microchip/xc32/v2.15/bin/bin/../../lib/gcc/pic32mx/4.8.3/../../../../pic32mx/lib\libpic32.a(vector11.o)
                0x9fc01360                __vector_dispatch_11
                0x00000001                ASSERT (((_vector_spacing == 0x0) || (SIZEOF (.vector_11) <= (_vector_spacing << 0x5))), function at exception vector 11 too large)

.vector_12      0x9fc01380        0x8
 *(.vector_12)
 .vector_12     0x9fc01380        0x8 c:/program files (x86)/microchip/xc32/v2.15/bin/bin/../../lib/gcc/pic32mx/4.8.3/../../../../pic32mx/lib\libpic32.a(vector12.o)
                0x9fc01380                __vector_dispatch_12
                0x00000001                ASSERT (((_vector_spacing == 0x0) || (SIZEOF (.vector_12) <= (_vector_spacing << 0x5))), function at exception vector 12 too large)

.vector_13      0x9fc013a0        0x8
 *(.vector_13)
 .vector_13     0x9fc013a0        0x8 c:/program files (x86)/microchip/xc32/v2.15/bin/bin/../../lib/gcc/pic32mx/4.8.3/../../../../pic32mx/lib\libpic32.a(vector13.o)
                0x9fc013a0                __vector_dispatch_13
                0x00000001                ASSERT (((_vector_spacing == 0x0) || (SIZEOF (.vector_13) <= (_vector_spacing << 0x5))), function at exception vector 13 too large)

.vector_14      0x9fc013c0        0x8
 *(.vector_14)
 .vector_14     0x9fc013c0        0x8 c:/program files (x86)/microchip/xc32/v2.15/bin/bin/../../lib/gcc/pic32mx/4.8.3/../../../../pic32mx/lib\libpic32.a(vector14.o)
                0x9fc013c0                __vector_dispatch_14
                0x00000001                ASSERT (((_vector_spacing == 0x0) || (SIZEOF (.vector_14) <= (_vector_spacing << 0x5))), function at exception vector 14 too large)

.vector_15      0x9fc013e0        0x8
 *(.vector_15)
 .vector_15     0x9fc013e0        0x8 c:/program files (x86)/microchip/xc32/v2.15/bin/bin/../../lib/gcc/pic32mx/4.8.3/../../../../pic32mx/lib\libpic32.a(vector15.o)
                0x9fc013e0                __vector_dispatch_15
                0x00000001                ASSERT (((_vector_spacing == 0x0) || (SIZEOF (.vector_15) <= (_vector_spacing << 0x5))), function at exception vector 15 too large)

.vector_16      0x9fc01400        0x8
 *(.vector_16)
 .vector_16     0x9fc01400        0x8 c:/program files (x86)/microchip/xc32/v2.15/bin/bin/../../lib/gcc/pic32mx/4.8.3/../../../../pic32mx/lib\libpic32.a(vector16.o)
                0x9fc01400                __vector_dispatch_16
                0x00000001                ASSERT (((_vector_spacing == 0x0) || (SIZEOF (.vector_16) <= (_vector_spacing << 0x5))), function at exception vector 16 too large)

.vector_17      0x9fc01420        0x8
 *(.vector_17)
 .vector_17     0x9fc01420        0x8 c:/program files (x86)/microchip/xc32/v2.15/bin/bin/../../lib/gcc/pic32mx/4.8.3/../../../../pic32mx/lib\libpic32.a(vector17.o)
                0x9fc01420                __vector_dispatch_17
                0x00000001                ASSERT (((_vector_spacing == 0x0) || (SIZEOF (.vector_17) <= (_vector_spacing << 0x5))), function at exception vector 17 too large)

.vector_18      0x9fc01440        0x8
 *(.vector_18)
 .vector_18     0x9fc01440        0x8 c:/program files (x86)/microchip/xc32/v2.15/bin/bin/../../lib/gcc/pic32mx/4.8.3/../../../../pic32mx/lib\libpic32.a(vector18.o)
                0x9fc01440                __vector_dispatch_18
                0x00000001                ASSERT (((_vector_spacing == 0x0) || (SIZEOF (.vector_18) <= (_vector_spacing << 0x5))), function at exception vector 18 too large)

.vector_19      0x9fc01460        0x8
 *(.vector_19)
 .vector_19     0x9fc01460        0x8 c:/program files (x86)/microchip/xc32/v2.15/bin/bin/../../lib/gcc/pic32mx/4.8.3/../../../../pic32mx/lib\libpic32.a(vector19.o)
                0x9fc01460                __vector_dispatch_19
                0x00000001                ASSERT (((_vector_spacing == 0x0) || (SIZEOF (.vector_19) <= (_vector_spacing << 0x5))), function at exception vector 19 too large)

.vector_20      0x9fc01480        0x8
 *(.vector_20)
 .vector_20     0x9fc01480        0x8 c:/program files (x86)/microchip/xc32/v2.15/bin/bin/../../lib/gcc/pic32mx/4.8.3/../../../../pic32mx/lib\libpic32.a(vector20.o)
                0x9fc01480                __vector_dispatch_20
                0x00000001                ASSERT (((_vector_spacing == 0x0) || (SIZEOF (.vector_20) <= (_vector_spacing << 0x5))), function at exception vector 20 too large)

.vector_21      0x9fc014a0        0x8
 *(.vector_21)
 .vector_21     0x9fc014a0        0x8 c:/program files (x86)/microchip/xc32/v2.15/bin/bin/../../lib/gcc/pic32mx/4.8.3/../../../../pic32mx/lib\libpic32.a(vector21.o)
                0x9fc014a0                __vector_dispatch_21
                0x00000001                ASSERT (((_vector_spacing == 0x0) || (SIZEOF (.vector_21) <= (_vector_spacing << 0x5))), function at exception vector 21 too large)

.vector_22      0x9fc014c0        0x8
 *(.vector_22)
 .vector_22     0x9fc014c0        0x8 c:/program files (x86)/microchip/xc32/v2.15/bin/bin/../../lib/gcc/pic32mx/4.8.3/../../../../pic32mx/lib\libpic32.a(vector22.o)
                0x9fc014c0                __vector_dispatch_22
                0x00000001                ASSERT (((_vector_spacing == 0x0) || (SIZEOF (.vector_22) <= (_vector_spacing << 0x5))), function at exception vector 22 too large)

.vector_23      0x9fc014e0        0x8
 *(.vector_23)
 .vector_23     0x9fc014e0        0x8 c:/program files (x86)/microchip/xc32/v2.15/bin/bin/../../lib/gcc/pic32mx/4.8.3/../../../../pic32mx/lib\libpic32.a(vector23.o)
                0x9fc014e0                __vector_dispatch_23
                0x00000001                ASSERT (((_vector_spacing == 0x0) || (SIZEOF (.vector_23) <= (_vector_spacing << 0x5))), function at exception vector 23 too large)

.vector_24      0x9fc01500        0x8
 *(.vector_24)
 .vector_24     0x9fc01500        0x8 c:/program files (x86)/microchip/xc32/v2.15/bin/bin/../../lib/gcc/pic32mx/4.8.3/../../../../pic32mx/lib\libpic32.a(vector24.o)
                0x9fc01500                __vector_dispatch_24
                0x00000001                ASSERT (((_vector_spacing == 0x0) || (SIZEOF (.vector_24) <= (_vector_spacing << 0x5))), function at exception vector 24 too large)

.vector_25      0x9fc01520        0x8
 *(.vector_25)
 .vector_25     0x9fc01520        0x8 c:/program files (x86)/microchip/xc32/v2.15/bin/bin/../../lib/gcc/pic32mx/4.8.3/../../../../pic32mx/lib\libpic32.a(vector25.o)
                0x9fc01520                __vector_dispatch_25
                0x00000001                ASSERT (((_vector_spacing == 0x0) || (SIZEOF (.vector_25) <= (_vector_spacing << 0x5))), function at exception vector 25 too large)

.vector_26      0x9fc01540        0x8
 *(.vector_26)
 .vector_26     0x9fc01540        0x8 c:/program files (x86)/microchip/xc32/v2.15/bin/bin/../../lib/gcc/pic32mx/4.8.3/../../../../pic32mx/lib\libpic32.a(vector26.o)
                0x9fc01540                __vector_dispatch_26
                0x00000001                ASSERT (((_vector_spacing == 0x0) || (SIZEOF (.vector_26) <= (_vector_spacing << 0x5))), function at exception vector 26 too large)

.vector_27      0x9fc01560        0x8
 *(.vector_27)
 .vector_27     0x9fc01560        0x8 c:/program files (x86)/microchip/xc32/v2.15/bin/bin/../../lib/gcc/pic32mx/4.8.3/../../../../pic32mx/lib\libpic32.a(vector27.o)
                0x9fc01560                __vector_dispatch_27
                0x00000001                ASSERT (((_vector_spacing == 0x0) || (SIZEOF (.vector_27) <= (_vector_spacing << 0x5))), function at exception vector 27 too large)

.vector_28      0x9fc01580        0x8
 *(.vector_28)
 .vector_28     0x9fc01580        0x8 c:/program files (x86)/microchip/xc32/v2.15/bin/bin/../../lib/gcc/pic32mx/4.8.3/../../../../pic32mx/lib\libpic32.a(vector28.o)
                0x9fc01580                __vector_dispatch_28
                0x00000001                ASSERT (((_vector_spacing == 0x0) || (SIZEOF (.vector_28) <= (_vector_spacing << 0x5))), function at exception vector 28 too large)

.vector_29      0x9fc015a0        0x8
 *(.vector_29)
 .vector_29     0x9fc015a0        0x8 c:/program files (x86)/microchip/xc32/v2.15/bin/bin/../../lib/gcc/pic32mx/4.8.3/../../../../pic32mx/lib\libpic32.a(vector29.o)
                0x9fc015a0                __vector_dispatch_29
                0x00000001                ASSERT (((_vector_spacing == 0x0) || (SIZEOF (.vector_29) <= (_vector_spacing << 0x5))), function at exception vector 29 too large)

.vector_30      0x9fc015c0        0x8
 *(.vector_30)
 .vector_30     0x9fc015c0        0x8 c:/program files (x86)/microchip/xc32/v2.15/bin/bin/../../lib/gcc/pic32mx/4.8.3/../../../../pic32mx/lib\libpic32.a(vector30.o)
                0x9fc015c0                __vector_dispatch_30
                0x00000001                ASSERT (((_vector_spacing == 0x0) || (SIZEOF (.vector_30) <= (_vector_spacing << 0x5))), function at exception vector 30 too large)

.vector_31      0x9fc015e0        0x8
 *(.vector_31)
 .vector_31     0x9fc015e0        0x8 c:/program files (x86)/microchip/xc32/v2.15/bin/bin/../../lib/gcc/pic32mx/4.8.3/../../../../pic32mx/lib\libpic32.a(vector31.o)
                0x9fc015e0                __vector_dispatch_31
                0x00000001                ASSERT (((_vector_spacing == 0x0) || (SIZEOF (.vector_31) <= (_vector_spacing << 0x5))), function at exception vector 31 too large)

.vector_32      0x9fc01600        0x8
 *(.vector_32)
 .vector_32     0x9fc01600        0x8 c:/program files (x86)/microchip/xc32/v2.15/bin/bin/../../lib/gcc/pic32mx/4.8.3/../../../../pic32mx/lib\libpic32.a(vector32.o)
                0x9fc01600                __vector_dispatch_32
                0x00000001                ASSERT (((_vector_spacing == 0x0) || (SIZEOF (.vector_32) <= (_vector_spacing << 0x5))), function at exception vector 32 too large)

.vector_33      0x9fc01620        0x8
 *(.vector_33)
 .vector_33     0x9fc01620        0x8 c:/program files (x86)/microchip/xc32/v2.15/bin/bin/../../lib/gcc/pic32mx/4.8.3/../../../../pic32mx/lib\libpic32.a(vector33.o)
                0x9fc01620                __vector_dispatch_33
                0x00000001                ASSERT (((_vector_spacing == 0x0) || (SIZEOF (.vector_33) <= (_vector_spacing << 0x5))), function at exception vector 33 too large)

.vector_34      0x9fc01640        0x8
 *(.vector_34)
 .vector_34     0x9fc01640        0x8 c:/program files (x86)/microchip/xc32/v2.15/bin/bin/../../lib/gcc/pic32mx/4.8.3/../../../../pic32mx/lib\libpic32.a(vector34.o)
                0x9fc01640                __vector_dispatch_34
                0x00000001                ASSERT (((_vector_spacing == 0x0) || (SIZEOF (.vector_34) <= (_vector_spacing << 0x5))), function at exception vector 34 too large)

.vector_35      0x9fc01660        0x8
 *(.vector_35)
 .vector_35     0x9fc01660        0x8 c:/program files (x86)/microchip/xc32/v2.15/bin/bin/../../lib/gcc/pic32mx/4.8.3/../../../../pic32mx/lib\libpic32.a(vector35.o)
                0x9fc01660                __vector_dispatch_35
                0x00000001                ASSERT (((_vector_spacing == 0x0) || (SIZEOF (.vector_35) <= (_vector_spacing << 0x5))), function at exception vector 35 too large)

.vector_36      0x9fc01680        0x8
 *(.vector_36)
 .vector_36     0x9fc01680        0x8 c:/program files (x86)/microchip/xc32/v2.15/bin/bin/../../lib/gcc/pic32mx/4.8.3/../../../../pic32mx/lib\libpic32.a(vector36.o)
                0x9fc01680                __vector_dispatch_36
                0x00000001                ASSERT (((_vector_spacing == 0x0) || (SIZEOF (.vector_36) <= (_vector_spacing << 0x5))), function at exception vector 36 too large)

.vector_37      0x9fc016a0        0x8
 *(.vector_37)
 .vector_37     0x9fc016a0        0x8 c:/program files (x86)/microchip/xc32/v2.15/bin/bin/../../lib/gcc/pic32mx/4.8.3/../../../../pic32mx/lib\libpic32.a(vector37.o)
                0x9fc016a0                __vector_dispatch_37
                0x00000001                ASSERT (((_vector_spacing == 0x0) || (SIZEOF (.vector_37) <= (_vector_spacing << 0x5))), function at exception vector 37 too large)

.vector_38      0x9fc016c0        0x8
 *(.vector_38)
 .vector_38     0x9fc016c0        0x8 c:/program files (x86)/microchip/xc32/v2.15/bin/bin/../../lib/gcc/pic32mx/4.8.3/../../../../pic32mx/lib\libpic32.a(vector38.o)
                0x9fc016c0                __vector_dispatch_38
                0x00000001                ASSERT (((_vector_spacing == 0x0) || (SIZEOF (.vector_38) <= (_vector_spacing << 0x5))), function at exception vector 38 too large)

.vector_39      0x9fc016e0        0x8
 *(.vector_39)
 .vector_39     0x9fc016e0        0x8 c:/program files (x86)/microchip/xc32/v2.15/bin/bin/../../lib/gcc/pic32mx/4.8.3/../../../../pic32mx/lib\libpic32.a(vector39.o)
                0x9fc016e0                __vector_dispatch_39
                0x00000001                ASSERT (((_vector_spacing == 0x0) || (SIZEOF (.vector_39) <= (_vector_spacing << 0x5))), function at exception vector 39 too large)

.vector_40      0x9fc01700        0x8
 *(.vector_40)
 .vector_40     0x9fc01700        0x8 c:/program files (x86)/microchip/xc32/v2.15/bin/bin/../../lib/gcc/pic32mx/4.8.3/../../../../pic32mx/lib\libpic32.a(vector40.o)
                0x9fc01700                __vector_dispatch_40
                0x00000001                ASSERT (((_vector_spacing == 0x0) || (SIZEOF (.vector_40) <= (_vector_spacing << 0x5))), function at exception vector 40 too large)

.vector_41      0x9fc01720        0x8
 *(.vector_41)
 .vector_41     0x9fc01720        0x8 c:/program files (x86)/microchip/xc32/v2.15/bin/bin/../../lib/gcc/pic32mx/4.8.3/../../../../pic32mx/lib\libpic32.a(vector41.o)
                0x9fc01720                __vector_dispatch_41
                0x00000001                ASSERT (((_vector_spacing == 0x0) || (SIZEOF (.vector_41) <= (_vector_spacing << 0x5))), function at exception vector 41 too large)

.vector_42      0x9fc01740        0x8
 *(.vector_42)
 .vector_42     0x9fc01740        0x8 c:/program files (x86)/microchip/xc32/v2.15/bin/bin/../../lib/gcc/pic32mx/4.8.3/../../../../pic32mx/lib\libpic32.a(vector42.o)
                0x9fc01740                __vector_dispatch_42
                0x00000001                ASSERT (((_vector_spacing == 0x0) || (SIZEOF (.vector_42) <= (_vector_spacing << 0x5))), function at exception vector 42 too large)

.vector_43      0x9fc01760        0x8
 *(.vector_43)
 .vector_43     0x9fc01760        0x8 c:/program files (x86)/microchip/xc32/v2.15/bin/bin/../../lib/gcc/pic32mx/4.8.3/../../../../pic32mx/lib\libpic32.a(vector43.o)
                0x9fc01760                __vector_dispatch_43
                0x00000001                ASSERT (((_vector_spacing == 0x0) || (SIZEOF (.vector_43) <= (_vector_spacing << 0x5))), function at exception vector 43 too large)

.vector_44      0x9fc01780        0x8
 *(.vector_44)
 .vector_44     0x9fc01780        0x8 c:/program files (x86)/microchip/xc32/v2.15/bin/bin/../../lib/gcc/pic32mx/4.8.3/../../../../pic32mx/lib\libpic32.a(vector44.o)
                0x9fc01780                __vector_dispatch_44
                0x00000001                ASSERT (((_vector_spacing == 0x0) || (SIZEOF (.vector_44) <= (_vector_spacing << 0x5))), function at exception vector 44 too large)

.vector_45      0x9fc017a0        0x8
 *(.vector_45)
 .vector_45     0x9fc017a0        0x8 c:/program files (x86)/microchip/xc32/v2.15/bin/bin/../../lib/gcc/pic32mx/4.8.3/../../../../pic32mx/lib\libpic32.a(vector45.o)
                0x9fc017a0                __vector_dispatch_45
                0x00000001                ASSERT (((_vector_spacing == 0x0) || (SIZEOF (.vector_45) <= (_vector_spacing << 0x5))), function at exception vector 45 too large)

.vector_46      0x9fc017c0        0x8
 *(.vector_46)
 .vector_46     0x9fc017c0        0x8 c:/program files (x86)/microchip/xc32/v2.15/bin/bin/../../lib/gcc/pic32mx/4.8.3/../../../../pic32mx/lib\libpic32.a(vector46.o)
                0x9fc017c0                __vector_dispatch_46
                0x00000001                ASSERT (((_vector_spacing == 0x0) || (SIZEOF (.vector_46) <= (_vector_spacing << 0x5))), function at exception vector 46 too large)

.vector_47      0x9fc017e0        0x8
 *(.vector_47)
 .vector_47     0x9fc017e0        0x8 c:/program files (x86)/microchip/xc32/v2.15/bin/bin/../../lib/gcc/pic32mx/4.8.3/../../../../pic32mx/lib\libpic32.a(vector47.o)
                0x9fc017e0                __vector_dispatch_47
                0x00000001                ASSERT (((_vector_spacing == 0x0) || (SIZEOF (.vector_47) <= (_vector_spacing << 0x5))), function at exception vector 47 too large)

.vector_48      0x9fc01800        0x8
 *(.vector_48)
 .vector_48     0x9fc01800        0x8 c:/program files (x86)/microchip/xc32/v2.15/bin/bin/../../lib/gcc/pic32mx/4.8.3/../../../../pic32mx/lib\libpic32.a(vector48.o)
                0x9fc01800                __vector_dispatch_48
                0x00000001                ASSERT (((_vector_spacing == 0x0) || (SIZEOF (.vector_48) <= (_vector_spacing << 0x5))), function at exception vector 48 too large)

.vector_49      0x9fc01820        0x8
 *(.vector_49)
 .vector_49     0x9fc01820        0x8 c:/program files (x86)/microchip/xc32/v2.15/bin/bin/../../lib/gcc/pic32mx/4.8.3/../../../../pic32mx/lib\libpic32.a(vector49.o)
                0x9fc01820                __vector_dispatch_49
                0x00000001                ASSERT (((_vector_spacing == 0x0) || (SIZEOF (.vector_49) <= (_vector_spacing << 0x5))), function at exception vector 49 too large)

.vector_50      0x9fc01840        0x8
 *(.vector_50)
 .vector_50     0x9fc01840        0x8 c:/program files (x86)/microchip/xc32/v2.15/bin/bin/../../lib/gcc/pic32mx/4.8.3/../../../../pic32mx/lib\libpic32.a(vector50.o)
                0x9fc01840                __vector_dispatch_50
                0x00000001                ASSERT (((_vector_spacing == 0x0) || (SIZEOF (.vector_50) <= (_vector_spacing << 0x5))), function at exception vector 50 too large)

.vector_51      0x9fc01860        0x8
 *(.vector_51)
 .vector_51     0x9fc01860        0x8 c:/program files (x86)/microchip/xc32/v2.15/bin/bin/../../lib/gcc/pic32mx/4.8.3/../../../../pic32mx/lib\libpic32.a(vector51.o)
                0x9fc01860                __vector_dispatch_51
                0x00000001                ASSERT (((_vector_spacing == 0x0) || (SIZEOF (.vector_51) <= (_vector_spacing << 0x5))), function at exception vector 51 too large)

.vector_52      0x9fc01880        0x0
 *(.vector_52)
                0x00000001                ASSERT (((_vector_spacing == 0x0) || (SIZEOF (.vector_52) <= (_vector_spacing << 0x5))), function at exception vector 52 too large)

.vector_53      0x9fc018a0        0x0
 *(.vector_53)
                0x00000001                ASSERT (((_vector_spacing == 0x0) || (SIZEOF (.vector_53) <= (_vector_spacing << 0x5))), function at exception vector 53 too large)

.vector_54      0x9fc018c0        0x0
 *(.vector_54)
                0x00000001                ASSERT (((_vector_spacing == 0x0) || (SIZEOF (.vector_54) <= (_vector_spacing << 0x5))), function at exception vector 54 too large)

.vector_55      0x9fc018e0        0x0
 *(.vector_55)
                0x00000001                ASSERT (((_vector_spacing == 0x0) || (SIZEOF (.vector_55) <= (_vector_spacing << 0x5))), function at exception vector 55 too large)

.vector_56      0x9fc01900        0x0
 *(.vector_56)
                0x00000001                ASSERT (((_vector_spacing == 0x0) || (SIZEOF (.vector_56) <= (_vector_spacing << 0x5))), function at exception vector 56 too large)

.vector_57      0x9fc01920        0x0
 *(.vector_57)
                0x00000001                ASSERT (((_vector_spacing == 0x0) || (SIZEOF (.vector_57) <= (_vector_spacing << 0x5))), function at exception vector 57 too large)

.vector_58      0x9fc01940        0x0
 *(.vector_58)
                0x00000001                ASSERT (((_vector_spacing == 0x0) || (SIZEOF (.vector_58) <= (_vector_spacing << 0x5))), function at exception vector 58 too large)

.vector_59      0x9fc01960        0x0
 *(.vector_59)
                0x00000001                ASSERT (((_vector_spacing == 0x0) || (SIZEOF (.vector_59) <= (_vector_spacing << 0x5))), function at exception vector 59 too large)

.vector_60      0x9fc01980        0x0
 *(.vector_60)
                0x00000001                ASSERT (((_vector_spacing == 0x0) || (SIZEOF (.vector_60) <= (_vector_spacing << 0x5))), function at exception vector 60 too large)

.vector_61      0x9fc019a0        0x0
 *(.vector_61)
                0x00000001                ASSERT (((_vector_spacing == 0x0) || (SIZEOF (.vector_61) <= (_vector_spacing << 0x5))), function at exception vector 61 too large)

.vector_62      0x9fc019c0        0x0
 *(.vector_62)
                0x00000001                ASSERT (((_vector_spacing == 0x0) || (SIZEOF (.vector_62) <= (_vector_spacing << 0x5))), function at exception vector 62 too large)

.vector_63      0x9fc019e0        0x0
 *(.vector_63)
                0x00000001                ASSERT (((_vector_spacing == 0x0) || (SIZEOF (.vector_63) <= (_vector_spacing << 0x5))), function at exception vector 63 too large)

.startup
 *(.startup)

.text           0x9d000000        0x0
 *(.stub .gnu.linkonce.t.*)
 *(.text.*personality*)
 *(.mips16.fn.*)
 *(.mips16.call.*)
 *(.gnu.warning)
                0x9d000000                . = ALIGN (0x4)

.init           0x9d000000        0x0
 *crti.o(.init)
 *crtbegin.o(.init)
 *(EXCLUDE_FILE(*crtn.o *crtend?.o *crtend.o) .init)
 *crtend.o(.init)
 *crtn.o(.init)
                0x9d000000                . = ALIGN (0x4)

.fini           0x9d000000        0x0
 *(.fini)
                0x9d000000                . = ALIGN (0x4)

.preinit_array  0x9d000000        0x0
                0x9d000000                PROVIDE (__preinit_array_start, .)
 *(.preinit_array)
                0x9d000000                PROVIDE (__preinit_array_end, .)
                0x9d000000                . = ALIGN (0x4)

.init_array     0x9d000000        0x0
                0x9d000000                PROVIDE (__init_array_start, .)
 *(SORT(.init_array.*))
 *(.init_array)
                0x9d000000                PROVIDE (__init_array_end, .)
                0x9d000000                . = ALIGN (0x4)

.fini_array     0x9d000000        0x0
                0x9d000000                PROVIDE (__fini_array_start, .)
 *(SORT(.fini_array.*))
 *(.fini_array)
                0x9d000000                PROVIDE (__fini_array_end, .)
                0x9d000000                . = ALIGN (0x4)

.ctors          0x9d000000        0x0
 *crtbegin.o(.ctors)
 *crtbegin?.o(.ctors)
 *(EXCLUDE_FILE(*crtend?.o *crtend.o) .ctors)
 *(SORT(.ctors.*))
 *(.ctors)
                0x9d000000                . = ALIGN (0x4)

.dtors          0x9d000000        0x0
 *crtbegin.o(.dtors)
 *crtbegin?.o(.dtors)
 *(EXCLUDE_FILE(*crtend?.o *crtend.o) .dtors)
 *(SORT(.dtors.*))
 *(.dtors)
                0x9d000000                . = ALIGN (0x4)

.rodata         0x9d000000        0x0
 *(.gnu.linkonce.r.*)
 *(.rodata1)
                0x9d000000                . = ALIGN (0x4)

.sdata2         0x9fc00490        0x0
 *(.sdata2 .sdata2.* .gnu.linkonce.s2.*)
                0x9fc00490                . = ALIGN (0x4)

.sbss2          0x9fc00490        0x0
 *(.sbss2 .sbss2.* .gnu.linkonce.sb2.*)
                0x9fc00490                . = ALIGN (0x4)

.eh_frame_hdr
 *(.eh_frame_hdr)
                0x9fc00490                . = ALIGN (0x4)

.eh_frame
 *(.eh_frame)
                0x9fc00490                . = ALIGN (0x4)

.gcc_except_table
 *(.gcc_except_table .gcc_except_table.*)
                0x9fc00490                . = ALIGN (0x4)

.dbg_data       0xa0000000        0x0
                0xa0000000                . = (. + DEFINED (_DEBUGGER)?0x200:0x0)

.jcr            0xa0000000        0x0
 *(.jcr)
                0xa0000000                . = ALIGN (0x4)

.eh_frame
 *(.eh_frame)
                0xa0000000                . = ALIGN (0x4)

.gcc_except_table
 *(.gcc_except_table .gcc_except_table.*)
                0xa0000000                . = ALIGN (0x4)

.persist        0xa0000000        0x0
                0xa0000000                _persist_begin = .
 *(.persist .persist.*)
 *(.pbss .pbss.*)
                0xa0000000                . = ALIGN (0x4)
                0xa0000000                _persist_end = .

.data           0xa0000000        0x0
 *(.gnu.linkonce.d.*)
 *(.data1)
                0xa0000000                . = ALIGN (0x4)
                0xa0000000                . = .
                0xa0007ff0                _gp = (ALIGN (0x10) + 0x7ff0)

.got            0xa0000000        0x0
 *(.got.plt)
 *(.got)
                0xa0000000                . = ALIGN (0x4)

.sdata          0xa0000000       0x14
                0xa0000000                _sdata_begin = .
 *(.sdata .sdata.* .gnu.linkonce.s.*)
 .sdata         0xa0000000       0x14 build/default/production/_ext/1360937237/ccard.o
                0xa0000000                count_increment
                0xa0000004                system_id
                0xa0000008                data_bits
                0xa000000c                SPI_BYTES
                0xa0000010                RELAY_LATCHING
                0xa0000014                . = ALIGN (0x4)
                0xa0000014                _sdata_end = .

.lit8
 *(.lit8)

.lit4
 *(.lit4)
                0xa0000014                . = ALIGN (0x4)
                0xa0000014                _data_end = .
                0xa0000014                _bss_begin = .

.sbss           0xa0000014       0x78
                0xa0000014                _sbss_begin = .
 *(.dynsbss)
 *(.sbss .sbss.* .gnu.linkonce.sb.*)
 .sbss          0xa0000014        0x8 build/default/production/_ext/1688732426/system_exceptions.o
 .sbss          0xa000001c       0x1c build/default/production/_ext/1360937237/ccard.o
                0xa000001c                status
                0xa0000020                relay_busy
                0xa0000024                default_addr
                0xa0000028                command_count
                0xa000002c                last_cycle_count
                0xa0000030                cycle_count
                0xa0000034                RELAY_DEFAULT
 .sbss          0xa0000038        0x1 build/default/production/_ext/568870469/drv_spi.o
 *fill*         0xa0000039        0x3 
 .sbss          0xa000003c        0x4 build/default/production/_ext/185269848/drv_tmr.o
 *(.scommon)
 .scommon       0xa0000040        0x8 build/default/production/_ext/340578644/sys_devcon.o
                0xa0000040                sysDevconObj
 .scommon       0xa0000048       0x41 build/default/production/_ext/1360937237/ccard.o
                0xa0000048                n
                0xa000004c                Read_Buffer_Handle
                0xa0000050                Write_Buffer_Handle
                0xa0000054                test
                0xa0000058                SPIHandle
                0xa000005c                hemt_bias
                0xa0000060                addr
                0xa0000064                response
                0xa0000068                data
                0xa000006c                temperature
                0xa0000070                a50k_bias
                0xa0000074                return_data
                0xa0000078                ccardData
                0xa0000080                relay
                0xa0000084                command
                0xa0000088                rd
 .scommon       0xa0000089        0x0 build/default/production/_ext/1360937237/TES_relay_set.o
                0xa0000089                _sbss_end = .
                0xa000008c                . = ALIGN (0x4)
 *fill*         0xa0000089        0x3 

.bss            0xa000008c      0x22c
 *(.dynbss)
 *(COMMON)
 COMMON         0xa000008c       0x10 build/default/production/_ext/1688732426/system_init.o
                0xa000008c                sysObj
 COMMON         0xa000009c      0x21c build/default/production/_ext/1360937237/ccard.o
                0xa000009c                adc_data
                0xa00000dc                RXbuffer
                0xa00000f4                CMD
                0xa0000284                TXbuffer
                0xa000029c                regptr
                0xa00002b8                . = ALIGN ((. != 0x0)?0x4:0x1)
                0xa00002b8                . = ALIGN (0x4)
                0xa00002b8                _end = .
                0xa00002b8                _bss_end = .
                0x00020000                _bmxdudba_address = 0x20000
                0x00020000                _bmxdupba_address = 0x20000

/DISCARD/
 *(.pdr)
 *(.rel.dyn)
 *(.note.GNU-stack)
 *(.note.GNU-stack)
 *(.gnu_debuglink)
 *(.gnu.lto_*)
 *(.discard)

.gptab.sdata
 *(.gptab.data)
 *(.gptab.sdata)

.gptab.sbss
 *(.gptab.bss)
 *(.gptab.sbss)

.mdebug.abi32   0xa00002b8        0x0
 *(.mdebug.abi32)
 .mdebug.abi32  0xa00002b8        0x0 build/default/production/_ext/1361460060/drv_adc_static.o
 .mdebug.abi32  0xa00002b8        0x0 build/default/production/_ext/977502197/drv_spi_tasks.o
 .mdebug.abi32  0xa00002b8        0x0 build/default/production/_ext/977502197/drv_spi_api.o
 .mdebug.abi32  0xa00002b8        0x0 build/default/production/_ext/977502197/drv_spi_master_rm_tasks.o
 .mdebug.abi32  0xa00002b8        0x0 build/default/production/_ext/977502197/drv_spi_slave_rm_tasks.o
 .mdebug.abi32  0xa00002b8        0x0 build/default/production/_ext/639803181/sys_clk_pic32mx.o
 .mdebug.abi32  0xa00002b8        0x0 build/default/production/_ext/340578644/sys_devcon.o
 .mdebug.abi32  0xa00002b8        0x0 build/default/production/_ext/340578644/sys_devcon_pic32mx.o
 .mdebug.abi32  0xa00002b8        0x0 build/default/production/_ext/822048611/sys_ports_static.o
 .mdebug.abi32  0xa00002b8        0x0 build/default/production/_ext/1688732426/system_init.o
 .mdebug.abi32  0xa00002b8        0x0 build/default/production/_ext/1688732426/system_interrupt.o
 .mdebug.abi32  0xa00002b8        0x0 build/default/production/_ext/1688732426/system_exceptions.o
 .mdebug.abi32  0xa00002b8        0x0 build/default/production/_ext/1688732426/system_tasks.o
 .mdebug.abi32  0xa00002b8        0x0 build/default/production/_ext/1360937237/ccard.o
 .mdebug.abi32  0xa00002b8        0x0 build/default/production/_ext/1360937237/main.o
 .mdebug.abi32  0xa00002b8        0x0 build/default/production/_ext/1360937237/TES_relay_set.o
 .mdebug.abi32  0xa00002b8        0x0 build/default/production/_ext/568870469/drv_spi.o
 .mdebug.abi32  0xa00002b8        0x0 build/default/production/_ext/465164171/drv_spi_sys_queue_fifo.o
 .mdebug.abi32  0xa00002b8        0x0 build/default/production/_ext/185269848/drv_tmr.o
 .mdebug.abi32  0xa00002b8        0x0 build/default/production/_ext/122796885/sys_int_pic32.o
 .mdebug.abi32  0xa00002b8        0x0 build/default/production/_ext/1264926591/sys_tmr.o
 .mdebug.abi32  0xa00002b8        0x0 c:/program files (x86)/microchip/xc32/v2.15/bin/bin/../../lib/gcc/pic32mx/4.8.3\libgcc.a(_udivdi3.o)
 .mdebug.abi32  0xa00002b8        0x0 c:/program files (x86)/microchip/xc32/v2.15/bin/bin/../../lib/gcc/pic32mx/4.8.3/../../../../pic32mx/lib\libpic32.a(default-bootstrap-exception-handler.o)
 .mdebug.abi32  0xa00002b8        0x0 c:/program files (x86)/microchip/xc32/v2.15/bin/bin/../../lib/gcc/pic32mx/4.8.3/../../../../pic32mx/lib\libpic32.a(default-on-reset.o)
 .mdebug.abi32  0xa00002b8        0x0 c:/program files (x86)/microchip/xc32/v2.15/bin/bin/../../lib/gcc/pic32mx/4.8.3/../../../../pic32mx/lib\libpic32.a(default-on-bootstrap.o)
 .mdebug.abi32  0xa00002b8        0x0 c:/program files (x86)/microchip/xc32/v2.15/bin/bin/../../lib/gcc/pic32mx/4.8.3/../../../../pic32mx/lib\libpic32.a(defaultinterrupt.o)

.mdebug.abiN32
 *(.mdebug.abiN32)

.mdebug.abi64
 *(.mdebug.abi64)

.mdebug.abiO64
 *(.mdebug.abiO64)

.mdebug.eabi32
 *(.mdebug.eabi32)

.mdebug.eabi64
 *(.mdebug.eabi64)

.gcc_compiled_long32
 *(.gcc_compiled_long32)

.gcc_compiled_long64
 *(.gcc_compiled_long64)

.stab
 *(.stab)

.stabstr
 *(.stabstr)

.stab.excl
 *(.stab.excl)

.stab.exclstr
 *(.stab.exclstr)

.stab.index
 *(.stab.index)

.stab.indexstr
 *(.stab.indexstr)

.comment        0x00000000       0x54
 *(.comment)
 .comment       0x00000000       0x3c build/default/production/_ext/1361460060/drv_adc_static.o
                                 0x3d (size before relaxing)
 .comment       0x00000000       0x3d build/default/production/_ext/977502197/drv_spi_tasks.o
 .comment       0x00000000       0x3d build/default/production/_ext/977502197/drv_spi_api.o
 .comment       0x00000000       0x3d build/default/production/_ext/977502197/drv_spi_master_rm_tasks.o
 .comment       0x00000000       0x3d build/default/production/_ext/977502197/drv_spi_slave_rm_tasks.o
 .comment       0x00000000       0x3d build/default/production/_ext/639803181/sys_clk_pic32mx.o
 .comment       0x00000000       0x3d build/default/production/_ext/340578644/sys_devcon.o
 .comment       0x00000000       0x3d build/default/production/_ext/340578644/sys_devcon_pic32mx.o
 .comment       0x00000000       0x3d build/default/production/_ext/822048611/sys_ports_static.o
 .comment       0x00000000       0x3d build/default/production/_ext/1688732426/system_init.o
 .comment       0x00000000       0x3d build/default/production/_ext/1688732426/system_interrupt.o
 .comment       0x00000000       0x3d build/default/production/_ext/1688732426/system_exceptions.o
 .comment       0x00000000       0x3d build/default/production/_ext/1688732426/system_tasks.o
 .comment       0x00000000       0x3d build/default/production/_ext/1360937237/ccard.o
 .comment       0x00000000       0x3d build/default/production/_ext/1360937237/main.o
 .comment       0x00000000       0x3d build/default/production/_ext/1360937237/TES_relay_set.o
 .comment       0x00000000       0x3d build/default/production/_ext/568870469/drv_spi.o
 .comment       0x00000000       0x3d build/default/production/_ext/465164171/drv_spi_sys_queue_fifo.o
 .comment       0x00000000       0x3d build/default/production/_ext/185269848/drv_tmr.o
 .comment       0x00000000       0x3d build/default/production/_ext/122796885/sys_int_pic32.o
 .comment       0x00000000       0x3d build/default/production/_ext/1264926591/sys_tmr.o
 .comment       0x00000000       0x3d c:/program files (x86)/microchip/xc32/v2.15/bin/bin/../../lib/gcc/pic32mx/4.8.3\libgcc.a(_udivdi3.o)
 .comment       0x0000003c       0x18 c:/program files (x86)/microchip/xc32/v2.15/bin/bin/../../lib/gcc/pic32mx/4.8.3/../../../../pic32mx/lib\libpic32.a(memset.o)
                                 0x19 (size before relaxing)
 .comment       0x00000000       0x3d c:/program files (x86)/microchip/xc32/v2.15/bin/bin/../../lib/gcc/pic32mx/4.8.3/../../../../pic32mx/lib\libpic32.a(default-bootstrap-exception-handler.o)
 .comment       0x00000000       0x3d c:/program files (x86)/microchip/xc32/v2.15/bin/bin/../../lib/gcc/pic32mx/4.8.3/../../../../pic32mx/lib\libpic32.a(default-on-reset.o)
 .comment       0x00000000       0x3d c:/program files (x86)/microchip/xc32/v2.15/bin/bin/../../lib/gcc/pic32mx/4.8.3/../../../../pic32mx/lib\libpic32.a(default-on-bootstrap.o)
 .comment       0x00000000       0x3d c:/program files (x86)/microchip/xc32/v2.15/bin/bin/../../lib/gcc/pic32mx/4.8.3/../../../../pic32mx/lib\libpic32.a(defaultinterrupt.o)

.debug
 *(.debug)

.line
 *(.line)

.debug_srcinfo
 *(.debug_srcinfo)

.debug_sfnames
 *(.debug_sfnames)

.debug_aranges  0x00000000      0x878
 *(.debug_aranges)
 .debug_aranges
                0x00000000       0x78 build/default/production/_ext/1361460060/drv_adc_static.o
 .debug_aranges
                0x00000078       0x28 build/default/production/_ext/977502197/drv_spi_tasks.o
 .debug_aranges
                0x000000a0       0x28 build/default/production/_ext/977502197/drv_spi_api.o
 .debug_aranges
                0x000000c8       0x28 build/default/production/_ext/977502197/drv_spi_master_rm_tasks.o
 .debug_aranges
                0x000000f0       0x28 build/default/production/_ext/977502197/drv_spi_slave_rm_tasks.o
 .debug_aranges
                0x00000118       0x50 build/default/production/_ext/639803181/sys_clk_pic32mx.o
 .debug_aranges
                0x00000168       0x78 build/default/production/_ext/340578644/sys_devcon.o
 .debug_aranges
                0x000001e0       0x20 build/default/production/_ext/340578644/sys_devcon_pic32mx.o
 .debug_aranges
                0x00000200      0x148 build/default/production/_ext/822048611/sys_ports_static.o
 .debug_aranges
                0x00000348       0x20 build/default/production/_ext/1688732426/system_init.o
 .debug_aranges
                0x00000368       0x28 build/default/production/_ext/1688732426/system_interrupt.o
 .debug_aranges
                0x00000390       0x20 build/default/production/_ext/1688732426/system_exceptions.o
 .debug_aranges
                0x000003b0       0x20 build/default/production/_ext/1688732426/system_tasks.o
 .debug_aranges
                0x000003d0       0x28 build/default/production/_ext/1360937237/ccard.o
 .debug_aranges
                0x000003f8       0x20 build/default/production/_ext/1360937237/main.o
 .debug_aranges
                0x00000418       0x28 build/default/production/_ext/1360937237/TES_relay_set.o
 .debug_aranges
                0x00000440       0x98 build/default/production/_ext/568870469/drv_spi.o
 .debug_aranges
                0x000004d8       0xd8 build/default/production/_ext/465164171/drv_spi_sys_queue_fifo.o
 .debug_aranges
                0x000005b0      0x110 build/default/production/_ext/185269848/drv_tmr.o
 .debug_aranges
                0x000006c0       0x48 build/default/production/_ext/122796885/sys_int_pic32.o
 .debug_aranges
                0x00000708       0xd0 build/default/production/_ext/1264926591/sys_tmr.o
 .debug_aranges
                0x000007d8       0x20 c:/program files (x86)/microchip/xc32/v2.15/bin/bin/../../lib/gcc/pic32mx/4.8.3\libgcc.a(_udivdi3.o)
 .debug_aranges
                0x000007f8       0x20 c:/program files (x86)/microchip/xc32/v2.15/bin/bin/../../lib/gcc/pic32mx/4.8.3/../../../../pic32mx/lib\libpic32.a(default-bootstrap-exception-handler.o)
 .debug_aranges
                0x00000818       0x20 c:/program files (x86)/microchip/xc32/v2.15/bin/bin/../../lib/gcc/pic32mx/4.8.3/../../../../pic32mx/lib\libpic32.a(default-on-reset.o)
 .debug_aranges
                0x00000838       0x20 c:/program files (x86)/microchip/xc32/v2.15/bin/bin/../../lib/gcc/pic32mx/4.8.3/../../../../pic32mx/lib\libpic32.a(default-on-bootstrap.o)
 .debug_aranges
                0x00000858       0x20 c:/program files (x86)/microchip/xc32/v2.15/bin/bin/../../lib/gcc/pic32mx/4.8.3/../../../../pic32mx/lib\libpic32.a(defaultinterrupt.o)

.debug_pubnames
 *(.debug_pubnames)

.debug_info     0x00000000    0x314cf
 *(.debug_info .gnu.linkonce.wi.*)
 .debug_info    0x00000000     0x30ad build/default/production/_ext/1361460060/drv_adc_static.o
 .debug_info    0x000030ad     0x2983 build/default/production/_ext/977502197/drv_spi_tasks.o
 .debug_info    0x00005a30     0x436d build/default/production/_ext/977502197/drv_spi_api.o
 .debug_info    0x00009d9d     0x24ec build/default/production/_ext/977502197/drv_spi_master_rm_tasks.o
 .debug_info    0x0000c289     0x2491 build/default/production/_ext/977502197/drv_spi_slave_rm_tasks.o
 .debug_info    0x0000e71a     0x14b7 build/default/production/_ext/639803181/sys_clk_pic32mx.o
 .debug_info    0x0000fbd1     0x1617 build/default/production/_ext/340578644/sys_devcon.o
 .debug_info    0x000111e8     0x1766 build/default/production/_ext/340578644/sys_devcon_pic32mx.o
 .debug_info    0x0001294e     0x40f1 build/default/production/_ext/822048611/sys_ports_static.o
 .debug_info    0x00016a3f     0x3b99 build/default/production/_ext/1688732426/system_init.o
 .debug_info    0x0001a5d8      0xa34 build/default/production/_ext/1688732426/system_interrupt.o
 .debug_info    0x0001b00c     0x117e build/default/production/_ext/1688732426/system_exceptions.o
 .debug_info    0x0001c18a      0xa2f build/default/production/_ext/1688732426/system_tasks.o
 .debug_info    0x0001cbb9     0x1d08 build/default/production/_ext/1360937237/ccard.o
 .debug_info    0x0001e8c1      0x19e build/default/production/_ext/1360937237/main.o
 .debug_info    0x0001ea5f     0x16c5 build/default/production/_ext/1360937237/TES_relay_set.o
 .debug_info    0x00020124     0x51a4 build/default/production/_ext/568870469/drv_spi.o
 .debug_info    0x000252c8     0x1e5d build/default/production/_ext/465164171/drv_spi_sys_queue_fifo.o
 .debug_info    0x00027125     0x5b9b build/default/production/_ext/185269848/drv_tmr.o
 .debug_info    0x0002ccc0     0x141c build/default/production/_ext/122796885/sys_int_pic32.o
 .debug_info    0x0002e0dc     0x28f2 build/default/production/_ext/1264926591/sys_tmr.o
 .debug_info    0x000309ce      0x770 c:/program files (x86)/microchip/xc32/v2.15/bin/bin/../../lib/gcc/pic32mx/4.8.3\libgcc.a(_udivdi3.o)
 .debug_info    0x0003113e       0xf9 c:/program files (x86)/microchip/xc32/v2.15/bin/bin/../../lib/gcc/pic32mx/4.8.3/../../../../pic32mx/lib\libpic32.a(default-bootstrap-exception-handler.o)
 .debug_info    0x00031237       0xd2 c:/program files (x86)/microchip/xc32/v2.15/bin/bin/../../lib/gcc/pic32mx/4.8.3/../../../../pic32mx/lib\libpic32.a(default-on-reset.o)
 .debug_info    0x00031309       0xda c:/program files (x86)/microchip/xc32/v2.15/bin/bin/../../lib/gcc/pic32mx/4.8.3/../../../../pic32mx/lib\libpic32.a(default-on-bootstrap.o)
 .debug_info    0x000313e3       0xec c:/program files (x86)/microchip/xc32/v2.15/bin/bin/../../lib/gcc/pic32mx/4.8.3/../../../../pic32mx/lib\libpic32.a(defaultinterrupt.o)

.debug_abbrev   0x00000000     0x36e0
 *(.debug_abbrev)
 .debug_abbrev  0x00000000      0x266 build/default/production/_ext/1361460060/drv_adc_static.o
 .debug_abbrev  0x00000266      0x2e1 build/default/production/_ext/977502197/drv_spi_tasks.o
 .debug_abbrev  0x00000547      0x2da build/default/production/_ext/977502197/drv_spi_api.o
 .debug_abbrev  0x00000821      0x26a build/default/production/_ext/977502197/drv_spi_master_rm_tasks.o
 .debug_abbrev  0x00000a8b      0x26a build/default/production/_ext/977502197/drv_spi_slave_rm_tasks.o
 .debug_abbrev  0x00000cf5      0x26b build/default/production/_ext/639803181/sys_clk_pic32mx.o
 .debug_abbrev  0x00000f60      0x27b build/default/production/_ext/340578644/sys_devcon.o
 .debug_abbrev  0x000011db      0x20f build/default/production/_ext/340578644/sys_devcon_pic32mx.o
 .debug_abbrev  0x000013ea      0x279 build/default/production/_ext/822048611/sys_ports_static.o
 .debug_abbrev  0x00001663      0x2ce build/default/production/_ext/1688732426/system_init.o
 .debug_abbrev  0x00001931      0x107 build/default/production/_ext/1688732426/system_interrupt.o
 .debug_abbrev  0x00001a38       0xda build/default/production/_ext/1688732426/system_exceptions.o
 .debug_abbrev  0x00001b12      0x11a build/default/production/_ext/1688732426/system_tasks.o
 .debug_abbrev  0x00001c2c      0x258 build/default/production/_ext/1360937237/ccard.o
 .debug_abbrev  0x00001e84       0x93 build/default/production/_ext/1360937237/main.o
 .debug_abbrev  0x00001f17      0x1a0 build/default/production/_ext/1360937237/TES_relay_set.o
 .debug_abbrev  0x000020b7      0x4e2 build/default/production/_ext/568870469/drv_spi.o
 .debug_abbrev  0x00002599      0x361 build/default/production/_ext/465164171/drv_spi_sys_queue_fifo.o
 .debug_abbrev  0x000028fa      0x4d7 build/default/production/_ext/185269848/drv_tmr.o
 .debug_abbrev  0x00002dd1      0x237 build/default/production/_ext/122796885/sys_int_pic32.o
 .debug_abbrev  0x00003008      0x500 build/default/production/_ext/1264926591/sys_tmr.o
 .debug_abbrev  0x00003508      0x138 c:/program files (x86)/microchip/xc32/v2.15/bin/bin/../../lib/gcc/pic32mx/4.8.3\libgcc.a(_udivdi3.o)
 .debug_abbrev  0x00003640       0x28 c:/program files (x86)/microchip/xc32/v2.15/bin/bin/../../lib/gcc/pic32mx/4.8.3/../../../../pic32mx/lib\libpic32.a(default-bootstrap-exception-handler.o)
 .debug_abbrev  0x00003668       0x28 c:/program files (x86)/microchip/xc32/v2.15/bin/bin/../../lib/gcc/pic32mx/4.8.3/../../../../pic32mx/lib\libpic32.a(default-on-reset.o)
 .debug_abbrev  0x00003690       0x28 c:/program files (x86)/microchip/xc32/v2.15/bin/bin/../../lib/gcc/pic32mx/4.8.3/../../../../pic32mx/lib\libpic32.a(default-on-bootstrap.o)
 .debug_abbrev  0x000036b8       0x28 c:/program files (x86)/microchip/xc32/v2.15/bin/bin/../../lib/gcc/pic32mx/4.8.3/../../../../pic32mx/lib\libpic32.a(defaultinterrupt.o)

.debug_line     0x00000000     0x6d95
 *(.debug_line)
 .debug_line    0x00000000      0x68f build/default/production/_ext/1361460060/drv_adc_static.o
 .debug_line    0x0000068f      0x50e build/default/production/_ext/977502197/drv_spi_tasks.o
 .debug_line    0x00000b9d      0x771 build/default/production/_ext/977502197/drv_spi_api.o
 .debug_line    0x0000130e      0x4c1 build/default/production/_ext/977502197/drv_spi_master_rm_tasks.o
 .debug_line    0x000017cf      0x4b9 build/default/production/_ext/977502197/drv_spi_slave_rm_tasks.o
 .debug_line    0x00001c88      0x403 build/default/production/_ext/639803181/sys_clk_pic32mx.o
 .debug_line    0x0000208b      0x62e build/default/production/_ext/340578644/sys_devcon.o
 .debug_line    0x000026b9      0x47f build/default/production/_ext/340578644/sys_devcon_pic32mx.o
 .debug_line    0x00002b38      0x75d build/default/production/_ext/822048611/sys_ports_static.o
 .debug_line    0x00003295      0x697 build/default/production/_ext/1688732426/system_init.o
 .debug_line    0x0000392c      0x1ec build/default/production/_ext/1688732426/system_interrupt.o
 .debug_line    0x00003b18      0x1cb build/default/production/_ext/1688732426/system_exceptions.o
 .debug_line    0x00003ce3      0x248 build/default/production/_ext/1688732426/system_tasks.o
 .debug_line    0x00003f2b      0x436 build/default/production/_ext/1360937237/ccard.o
 .debug_line    0x00004361       0xb0 build/default/production/_ext/1360937237/main.o
 .debug_line    0x00004411      0x2d1 build/default/production/_ext/1360937237/TES_relay_set.o
 .debug_line    0x000046e2      0x903 build/default/production/_ext/568870469/drv_spi.o
 .debug_line    0x00004fe5      0x504 build/default/production/_ext/465164171/drv_spi_sys_queue_fifo.o
 .debug_line    0x000054e9      0xc00 build/default/production/_ext/185269848/drv_tmr.o
 .debug_line    0x000060e9      0x2d1 build/default/production/_ext/122796885/sys_int_pic32.o
 .debug_line    0x000063ba      0x651 build/default/production/_ext/1264926591/sys_tmr.o
 .debug_line    0x00006a0b      0x101 c:/program files (x86)/microchip/xc32/v2.15/bin/bin/../../lib/gcc/pic32mx/4.8.3\libgcc.a(_udivdi3.o)
 .debug_line    0x00006b0c       0xab c:/program files (x86)/microchip/xc32/v2.15/bin/bin/../../lib/gcc/pic32mx/4.8.3/../../../../pic32mx/lib\libpic32.a(default-bootstrap-exception-handler.o)
 .debug_line    0x00006bb7       0x98 c:/program files (x86)/microchip/xc32/v2.15/bin/bin/../../lib/gcc/pic32mx/4.8.3/../../../../pic32mx/lib\libpic32.a(default-on-reset.o)
 .debug_line    0x00006c4f       0x9c c:/program files (x86)/microchip/xc32/v2.15/bin/bin/../../lib/gcc/pic32mx/4.8.3/../../../../pic32mx/lib\libpic32.a(default-on-bootstrap.o)
 .debug_line    0x00006ceb       0xaa c:/program files (x86)/microchip/xc32/v2.15/bin/bin/../../lib/gcc/pic32mx/4.8.3/../../../../pic32mx/lib\libpic32.a(defaultinterrupt.o)

.debug_frame    0x00000000     0x11c8
 *(.debug_frame)
 .debug_frame   0x00000000       0xd0 build/default/production/_ext/1361460060/drv_adc_static.o
 .debug_frame   0x000000d0       0x54 build/default/production/_ext/977502197/drv_spi_tasks.o
 .debug_frame   0x00000124       0x3c build/default/production/_ext/977502197/drv_spi_api.o
 .debug_frame   0x00000160       0x30 build/default/production/_ext/977502197/drv_spi_master_rm_tasks.o
 .debug_frame   0x00000190       0x30 build/default/production/_ext/977502197/drv_spi_slave_rm_tasks.o
 .debug_frame   0x000001c0       0xa0 build/default/production/_ext/639803181/sys_clk_pic32mx.o
 .debug_frame   0x00000260       0xe8 build/default/production/_ext/340578644/sys_devcon.o
 .debug_frame   0x00000348       0x28 build/default/production/_ext/340578644/sys_devcon_pic32mx.o
 .debug_frame   0x00000370      0x270 build/default/production/_ext/822048611/sys_ports_static.o
 .debug_frame   0x000005e0       0x2c build/default/production/_ext/1688732426/system_init.o
 .debug_frame   0x0000060c       0xb8 build/default/production/_ext/1688732426/system_interrupt.o
 .debug_frame   0x000006c4       0x28 build/default/production/_ext/1688732426/system_exceptions.o
 .debug_frame   0x000006ec       0x28 build/default/production/_ext/1688732426/system_tasks.o
 .debug_frame   0x00000714       0x3c build/default/production/_ext/1360937237/ccard.o
 .debug_frame   0x00000750       0x28 build/default/production/_ext/1360937237/main.o
 .debug_frame   0x00000778       0x30 build/default/production/_ext/1360937237/TES_relay_set.o
 .debug_frame   0x000007a8      0x1a4 build/default/production/_ext/568870469/drv_spi.o
 .debug_frame   0x0000094c      0x244 build/default/production/_ext/465164171/drv_spi_sys_queue_fifo.o
 .debug_frame   0x00000b90      0x2ac build/default/production/_ext/185269848/drv_tmr.o
 .debug_frame   0x00000e3c       0x90 build/default/production/_ext/122796885/sys_int_pic32.o
 .debug_frame   0x00000ecc      0x250 build/default/production/_ext/1264926591/sys_tmr.o
 .debug_frame   0x0000111c       0x20 c:/program files (x86)/microchip/xc32/v2.15/bin/bin/../../lib/gcc/pic32mx/4.8.3\libgcc.a(_udivdi3.o)
 .debug_frame   0x0000113c       0x2c c:/program files (x86)/microchip/xc32/v2.15/bin/bin/../../lib/gcc/pic32mx/4.8.3/../../../../pic32mx/lib\libpic32.a(default-bootstrap-exception-handler.o)
 .debug_frame   0x00001168       0x20 c:/program files (x86)/microchip/xc32/v2.15/bin/bin/../../lib/gcc/pic32mx/4.8.3/../../../../pic32mx/lib\libpic32.a(default-on-reset.o)
 .debug_frame   0x00001188       0x20 c:/program files (x86)/microchip/xc32/v2.15/bin/bin/../../lib/gcc/pic32mx/4.8.3/../../../../pic32mx/lib\libpic32.a(default-on-bootstrap.o)
 .debug_frame   0x000011a8       0x20 c:/program files (x86)/microchip/xc32/v2.15/bin/bin/../../lib/gcc/pic32mx/4.8.3/../../../../pic32mx/lib\libpic32.a(defaultinterrupt.o)

.debug_str      0x00000000      0x716
 *(.debug_str)
 .debug_str     0x00000000       0x69 build/default/production/_ext/1361460060/drv_adc_static.o
 .debug_str     0x00000069       0x5f build/default/production/_ext/977502197/drv_spi_tasks.o
 .debug_str     0x000000c8       0xe4 build/default/production/_ext/977502197/drv_spi_api.o
 .debug_str     0x000001ac       0x1e build/default/production/_ext/977502197/drv_spi_master_rm_tasks.o
 .debug_str     0x000001ca       0x1e build/default/production/_ext/977502197/drv_spi_slave_rm_tasks.o
 .debug_str     0x000001e8       0x39 build/default/production/_ext/639803181/sys_clk_pic32mx.o
 .debug_str     0x00000221       0x16 build/default/production/_ext/340578644/sys_devcon.o
 .debug_str     0x00000237        0x6 build/default/production/_ext/340578644/sys_devcon_pic32mx.o
 .debug_str     0x0000023d       0x55 build/default/production/_ext/822048611/sys_ports_static.o
 .debug_str     0x00000292       0x36 build/default/production/_ext/1688732426/system_init.o
 .debug_str     0x000002c8        0x0 build/default/production/_ext/1688732426/system_interrupt.o
 .debug_str     0x000002c8        0x0 build/default/production/_ext/1688732426/system_exceptions.o
 .debug_str     0x000002c8        0x0 build/default/production/_ext/1688732426/system_tasks.o
 .debug_str     0x000002c8       0x10 build/default/production/_ext/1360937237/ccard.o
 .debug_str     0x000002d8        0x0 build/default/production/_ext/1360937237/main.o
 .debug_str     0x000002d8       0x15 build/default/production/_ext/1360937237/TES_relay_set.o
 .debug_str     0x000002ed      0x178 build/default/production/_ext/568870469/drv_spi.o
 .debug_str     0x00000465      0x151 build/default/production/_ext/465164171/drv_spi_sys_queue_fifo.o
 .debug_str     0x000005b6       0xc6 build/default/production/_ext/185269848/drv_tmr.o
 .debug_str     0x0000067c       0x1d build/default/production/_ext/122796885/sys_int_pic32.o
 .debug_str     0x00000699       0x7d build/default/production/_ext/1264926591/sys_tmr.o
 .debug_str     0x00000716        0x0 c:/program files (x86)/microchip/xc32/v2.15/bin/bin/../../lib/gcc/pic32mx/4.8.3\libgcc.a(_udivdi3.o)
 .debug_str     0x00000716        0x0 c:/program files (x86)/microchip/xc32/v2.15/bin/bin/../../lib/gcc/pic32mx/4.8.3/../../../../pic32mx/lib\libpic32.a(default-bootstrap-exception-handler.o)
 .debug_str     0x00000716        0x0 c:/program files (x86)/microchip/xc32/v2.15/bin/bin/../../lib/gcc/pic32mx/4.8.3/../../../../pic32mx/lib\libpic32.a(default-on-reset.o)
 .debug_str     0x00000716        0x0 c:/program files (x86)/microchip/xc32/v2.15/bin/bin/../../lib/gcc/pic32mx/4.8.3/../../../../pic32mx/lib\libpic32.a(default-on-bootstrap.o)
 .debug_str     0x00000716        0x0 c:/program files (x86)/microchip/xc32/v2.15/bin/bin/../../lib/gcc/pic32mx/4.8.3/../../../../pic32mx/lib\libpic32.a(defaultinterrupt.o)

.debug_loc      0x00000000     0x6bcb
 *(.debug_loc)
 .debug_loc     0x00000000       0x42 build/default/production/_ext/1361460060/drv_adc_static.o
 .debug_loc     0x00000042      0x366 build/default/production/_ext/977502197/drv_spi_tasks.o
 .debug_loc     0x000003a8      0x6c6 build/default/production/_ext/977502197/drv_spi_api.o
 .debug_loc     0x00000a6e      0x147 build/default/production/_ext/977502197/drv_spi_master_rm_tasks.o
 .debug_loc     0x00000bb5       0xed build/default/production/_ext/977502197/drv_spi_slave_rm_tasks.o
 .debug_loc     0x00000ca2       0x49 build/default/production/_ext/639803181/sys_clk_pic32mx.o
 .debug_loc     0x00000ceb       0xf0 build/default/production/_ext/340578644/sys_devcon.o
 .debug_loc     0x00000ddb       0xda build/default/production/_ext/340578644/sys_devcon_pic32mx.o
 .debug_loc     0x00000eb5      0x74e build/default/production/_ext/822048611/sys_ports_static.o
 .debug_loc     0x00001603       0x21 build/default/production/_ext/1688732426/system_init.o
 .debug_loc     0x00001624      0x1c3 build/default/production/_ext/1360937237/ccard.o
 .debug_loc     0x000017e7       0xf4 build/default/production/_ext/1360937237/TES_relay_set.o
 .debug_loc     0x000018db     0x1345 build/default/production/_ext/568870469/drv_spi.o
 .debug_loc     0x00002c20      0xd26 build/default/production/_ext/465164171/drv_spi_sys_queue_fifo.o
 .debug_loc     0x00003946     0x190b build/default/production/_ext/185269848/drv_tmr.o
 .debug_loc     0x00005251       0x7c build/default/production/_ext/122796885/sys_int_pic32.o
 .debug_loc     0x000052cd      0xe68 build/default/production/_ext/1264926591/sys_tmr.o
 .debug_loc     0x00006135      0xa6a c:/program files (x86)/microchip/xc32/v2.15/bin/bin/../../lib/gcc/pic32mx/4.8.3\libgcc.a(_udivdi3.o)
 .debug_loc     0x00006b9f       0x2c c:/program files (x86)/microchip/xc32/v2.15/bin/bin/../../lib/gcc/pic32mx/4.8.3/../../../../pic32mx/lib\libpic32.a(default-bootstrap-exception-handler.o)

.debug_macinfo
 *(.debug_macinfo)

.debug_weaknames
 *(.debug_weaknames)

.debug_funcnames
 *(.debug_funcnames)

.debug_typenames
 *(.debug_typenames)

.debug_varnames
 *(.debug_varnames)

.debug_pubtypes
 *(.debug_pubtypes)

.debug_ranges   0x00000000      0xab0
 *(.debug_ranges)
 .debug_ranges  0x00000000       0x68 build/default/production/_ext/1361460060/drv_adc_static.o
 .debug_ranges  0x00000068       0x90 build/default/production/_ext/977502197/drv_spi_tasks.o
 .debug_ranges  0x000000f8       0x18 build/default/production/_ext/977502197/drv_spi_api.o
 .debug_ranges  0x00000110       0x18 build/default/production/_ext/977502197/drv_spi_master_rm_tasks.o
 .debug_ranges  0x00000128       0x18 build/default/production/_ext/977502197/drv_spi_slave_rm_tasks.o
 .debug_ranges  0x00000140       0x40 build/default/production/_ext/639803181/sys_clk_pic32mx.o
 .debug_ranges  0x00000180       0x68 build/default/production/_ext/340578644/sys_devcon.o
 .debug_ranges  0x000001e8       0x10 build/default/production/_ext/340578644/sys_devcon_pic32mx.o
 .debug_ranges  0x000001f8      0x138 build/default/production/_ext/822048611/sys_ports_static.o
 .debug_ranges  0x00000330       0x10 build/default/production/_ext/1688732426/system_init.o
 .debug_ranges  0x00000340       0x18 build/default/production/_ext/1688732426/system_interrupt.o
 .debug_ranges  0x00000358       0x10 build/default/production/_ext/1688732426/system_exceptions.o
 .debug_ranges  0x00000368       0x10 build/default/production/_ext/1688732426/system_tasks.o
 .debug_ranges  0x00000378       0x60 build/default/production/_ext/1360937237/ccard.o
 .debug_ranges  0x000003d8       0x10 build/default/production/_ext/1360937237/main.o
 .debug_ranges  0x000003e8       0x60 build/default/production/_ext/1360937237/TES_relay_set.o
 .debug_ranges  0x00000448       0xe8 build/default/production/_ext/568870469/drv_spi.o
 .debug_ranges  0x00000530       0xe0 build/default/production/_ext/465164171/drv_spi_sys_queue_fifo.o
 .debug_ranges  0x00000610      0x230 build/default/production/_ext/185269848/drv_tmr.o
 .debug_ranges  0x00000840       0x50 build/default/production/_ext/122796885/sys_int_pic32.o
 .debug_ranges  0x00000890      0x148 build/default/production/_ext/1264926591/sys_tmr.o
 .debug_ranges  0x000009d8       0x98 c:/program files (x86)/microchip/xc32/v2.15/bin/bin/../../lib/gcc/pic32mx/4.8.3\libgcc.a(_udivdi3.o)
 .debug_ranges  0x00000a70       0x10 c:/program files (x86)/microchip/xc32/v2.15/bin/bin/../../lib/gcc/pic32mx/4.8.3/../../../../pic32mx/lib\libpic32.a(default-bootstrap-exception-handler.o)
 .debug_ranges  0x00000a80       0x10 c:/program files (x86)/microchip/xc32/v2.15/bin/bin/../../lib/gcc/pic32mx/4.8.3/../../../../pic32mx/lib\libpic32.a(default-on-reset.o)
 .debug_ranges  0x00000a90       0x10 c:/program files (x86)/microchip/xc32/v2.15/bin/bin/../../lib/gcc/pic32mx/4.8.3/../../../../pic32mx/lib\libpic32.a(default-on-bootstrap.o)
 .debug_ranges  0x00000aa0       0x10 c:/program files (x86)/microchip/xc32/v2.15/bin/bin/../../lib/gcc/pic32mx/4.8.3/../../../../pic32mx/lib\libpic32.a(defaultinterrupt.o)

.gnu.attributes
                0x00000000       0x10
 *(.gnu.attributes)
 .gnu.attributes
                0x00000000       0x10 build/default/production/_ext/1361460060/drv_adc_static.o
 .gnu.attributes
                0x00000010       0x10 build/default/production/_ext/977502197/drv_spi_tasks.o
 .gnu.attributes
                0x00000020       0x10 build/default/production/_ext/977502197/drv_spi_api.o
 .gnu.attributes
                0x00000030       0x10 build/default/production/_ext/977502197/drv_spi_master_rm_tasks.o
 .gnu.attributes
                0x00000040       0x10 build/default/production/_ext/977502197/drv_spi_slave_rm_tasks.o
 .gnu.attributes
                0x00000050       0x10 build/default/production/_ext/639803181/sys_clk_pic32mx.o
 .gnu.attributes
                0x00000060       0x10 build/default/production/_ext/340578644/sys_devcon.o
 .gnu.attributes
                0x00000070       0x10 build/default/production/_ext/340578644/sys_devcon_pic32mx.o
 .gnu.attributes
                0x00000080       0x10 build/default/production/_ext/822048611/sys_ports_static.o
 .gnu.attributes
                0x00000090       0x10 build/default/production/_ext/1688732426/system_init.o
 .gnu.attributes
                0x000000a0       0x10 build/default/production/_ext/1688732426/system_interrupt.o
 .gnu.attributes
                0x000000b0       0x10 build/default/production/_ext/1688732426/system_exceptions.o
 .gnu.attributes
                0x000000c0       0x10 build/default/production/_ext/1688732426/system_tasks.o
 .gnu.attributes
                0x000000d0       0x10 build/default/production/_ext/1360937237/ccard.o
 .gnu.attributes
                0x000000e0       0x10 build/default/production/_ext/1360937237/main.o
 .gnu.attributes
                0x000000f0       0x10 build/default/production/_ext/1360937237/TES_relay_set.o
 .gnu.attributes
                0x00000100       0x10 build/default/production/_ext/568870469/drv_spi.o
 .gnu.attributes
                0x00000110       0x10 build/default/production/_ext/465164171/drv_spi_sys_queue_fifo.o
 .gnu.attributes
                0x00000120       0x10 build/default/production/_ext/185269848/drv_tmr.o
 .gnu.attributes
                0x00000130       0x10 build/default/production/_ext/122796885/sys_int_pic32.o
 .gnu.attributes
                0x00000140       0x10 build/default/production/_ext/1264926591/sys_tmr.o
 .gnu.attributes
                0x00000150       0x10 c:/program files (x86)/microchip/xc32/v2.15/bin/bin/../../lib/gcc/pic32mx/4.8.3\libgcc.a(_udivdi3.o)
 .gnu.attributes
                0x00000160       0x10 c:/program files (x86)/microchip/xc32/v2.15/bin/bin/../../lib/gcc/pic32mx/4.8.3/../../../../pic32mx/lib\libpic32.a(default-bootstrap-exception-handler.o)
 .gnu.attributes
                0x00000170       0x10 c:/program files (x86)/microchip/xc32/v2.15/bin/bin/../../lib/gcc/pic32mx/4.8.3/../../../../pic32mx/lib\libpic32.a(default-on-reset.o)
 .gnu.attributes
                0x00000180       0x10 c:/program files (x86)/microchip/xc32/v2.15/bin/bin/../../lib/gcc/pic32mx/4.8.3/../../../../pic32mx/lib\libpic32.a(default-on-bootstrap.o)
 .gnu.attributes
                0x00000190       0x10 c:/program files (x86)/microchip/xc32/v2.15/bin/bin/../../lib/gcc/pic32mx/4.8.3/../../../../pic32mx/lib\libpic32.a(defaultinterrupt.o)
LOAD c:/program files (x86)/microchip/xc32/v2.15/bin/bin/../../lib/gcc/pic32mx/4.8.3\libgcc.a
START GROUP
LOAD c:/program files (x86)/microchip/xc32/v2.15/bin/bin/../../lib/gcc/pic32mx/4.8.3/../../../../pic32mx/lib\libpic32.a
LOAD c:/program files (x86)/microchip/xc32/v2.15/bin/bin/../../lib/gcc/pic32mx/4.8.3/../../../../pic32mx/lib\libdebug.a
LOAD c:/program files (x86)/microchip/xc32/v2.15/bin/bin/../../lib/gcc/pic32mx/4.8.3/../../../../pic32mx/lib\libpic32.a
LOAD c:/program files (x86)/microchip/xc32/v2.15/bin/bin/../../lib/gcc/pic32mx/4.8.3/../../../../pic32mx/lib\libc.a
LOAD c:/program files (x86)/microchip/xc32/v2.15/bin/bin/../../lib/gcc/pic32mx/4.8.3/../../../../pic32mx/lib\libc.a
LOAD c:/program files (x86)/microchip/xc32/v2.15/bin/bin/../../lib/gcc/pic32mx/4.8.3/../../../../pic32mx/lib\libm.a
LOAD c:/program files (x86)/microchip/xc32/v2.15/bin/bin/../../lib/gcc/pic32mx/4.8.3/../../../../pic32mx/lib\libe.a
LOAD c:/program files (x86)/microchip/xc32/v2.15/bin/bin/../../lib/gcc/pic32mx/4.8.3/../../../../pic32mx/lib\libdsp.a
LOAD c:/program files (x86)/microchip/xc32/v2.15/bin/bin/../../lib/gcc/pic32mx/4.8.3\libgcc.a
LOAD c:/program files (x86)/microchip/xc32/v2.15/bin/bin/../../lib/gcc/pic32mx/4.8.3/../../../../pic32mx/lib\libpic32.a
END GROUP
LOAD c:/program files (x86)/microchip/xc32/v2.15/bin/bin/../../lib/gcc/pic32mx/4.8.3\libgcc.a
OUTPUT(dist/default/production/smurfc.X.production.elf elf32-tradlittlemips)
LOAD stack
LOAD data_init

.reginfo        0x00000000       0x18
 .reginfo       0x00000000       0x18 c:/program files (x86)/microchip/xc32/v2.15/bin/bin/../../lib/gcc/pic32mx/4.8.3/../../../../pic32mx/lib\debug-exception-return.o

.stack          0xa0000bb8      0x400
 .stack         0xa0000bb8      0x400 stack

.bss            0xa00002b8      0x6bc
 .bss           0xa00002b8      0x370 build/default/production/_ext/568870469/drv_spi.o
 .bss           0xa0000628      0x34c build/default/production/_ext/1264926591/sys_tmr.o

.data           0xa0000974      0x110
 .data          0xa0000974      0x110 build/default/production/_ext/1360937237/ccard.o
                0xa0000974                tes_set_bit
                0xa00009b8                tes_set_port
                0xa00009fc                tes_reset_bit
                0xa0000a40                tes_reset_port

.bss            0xa0000a84       0x78
 .bss           0xa0000a84       0x78 build/default/production/_ext/185269848/drv_tmr.o

.data           0xa0000afc       0x9c
 .data          0xa0000afc       0x74 build/default/production/_ext/1688732426/system_init.o
                0xa0000afc                drvSpi0InitData
 .data          0xa0000b70       0x28 build/default/production/_ext/568870469/drv_spi.o

._debug_exception
                0xbfc00480       0x2c
 ._debug_exception
                0xbfc00480       0x2c c:/program files (x86)/microchip/xc32/v2.15/bin/bin/../../lib/gcc/pic32mx/4.8.3/../../../../pic32mx/lib\debug-exception-return.o
                0xbfc00480                __DbgExecReturn

.text.CCARD_Tasks
                0x9d000000      0x45c
 .text.CCARD_Tasks
                0x9d000000      0x45c build/default/production/_ext/1360937237/ccard.o
                0x9d000000                CCARD_Tasks

.text.SYS_TMR_Tasks
                0x9d00045c      0x308
 .text.SYS_TMR_Tasks
                0x9d00045c      0x308 build/default/production/_ext/1264926591/sys_tmr.o
                0x9d00045c                SYS_TMR_Tasks

.text.DRV_SPI_SetupHardware
                0x9d000764      0x300
 .text.DRV_SPI_SetupHardware
                0x9d000764      0x300 build/default/production/_ext/977502197/drv_spi_api.o
                0x9d000764                DRV_SPI_SetupHardware

.text.DRV_SPI_Initialize
                0x9d000a64      0x278
 .text.DRV_SPI_Initialize
                0x9d000a64      0x278 build/default/production/_ext/568870469/drv_spi.o
                0x9d000a64                DRV_SPI_Initialize

.text.DRV_SPI_Open
                0x9d000cdc      0x260
 .text.DRV_SPI_Open
                0x9d000cdc      0x260 build/default/production/_ext/568870469/drv_spi.o
                0x9d000cdc                DRV_SPI_Open

.dinit          0x9d000f3c      0x260
 .dinit         0x9d000f3c      0x260 data_init

.text.DRV_SPI_PolledMasterRM32BitTasks
                0x9d00119c      0x234
 .text.DRV_SPI_PolledMasterRM32BitTasks
                0x9d00119c      0x234 build/default/production/_ext/977502197/drv_spi_tasks.o
                0x9d00119c                DRV_SPI_PolledMasterRM32BitTasks

.text.DRV_SPI_SYS_QUEUE_Initialize
                0x9d0013d0      0x1e0
 .text.DRV_SPI_SYS_QUEUE_Initialize
                0x9d0013d0      0x1e0 build/default/production/_ext/465164171/drv_spi_sys_queue_fifo.o
                0x9d0013d0                DRV_SPI_SYS_QUEUE_Initialize

.text.DRV_SPI_BufferAddWriteRead2
                0x9d0015b0      0x1d8
 .text.DRV_SPI_BufferAddWriteRead2
                0x9d0015b0      0x1d8 build/default/production/_ext/568870469/drv_spi.o
                0x9d0015b0                DRV_SPI_BufferAddWriteRead2

.text.DRV_TMR_Initialize
                0x9d001788      0x19c
 .text.DRV_TMR_Initialize
                0x9d001788      0x19c build/default/production/_ext/185269848/drv_tmr.o
                0x9d001788                DRV_TMR_Initialize

.text._SYS_TMR_ClientCreate
                0x9d001924      0x18c
 .text._SYS_TMR_ClientCreate
                0x9d001924      0x18c build/default/production/_ext/1264926591/sys_tmr.o

.text.DRV_SPI_PolledSlaveRM32BitTasks
                0x9d001ab0      0x164
 .text.DRV_SPI_PolledSlaveRM32BitTasks
                0x9d001ab0      0x164 build/default/production/_ext/977502197/drv_spi_tasks.o
                0x9d001ab0                DRV_SPI_PolledSlaveRM32BitTasks

.text.IntHandlerDrvTmrInstance0
                0x9d001c14      0x134
 .text.IntHandlerDrvTmrInstance0
                0x9d001c14      0x134 build/default/production/_ext/1688732426/system_interrupt.o
                0x9d001c14                IntHandlerDrvTmrInstance0

.text.IntHandlerDrvTmrInstance1
                0x9d001d48      0x134
 .text.IntHandlerDrvTmrInstance1
                0x9d001d48      0x134 build/default/production/_ext/1688732426/system_interrupt.o
                0x9d001d48                IntHandlerDrvTmrInstance1

.text.SYS_Initialize
                0x9d001e7c      0x130
 .text.SYS_Initialize
                0x9d001e7c      0x130 build/default/production/_ext/1688732426/system_init.o
                0x9d001e7c                SYS_Initialize

.text.DRV_TMR_AlarmRegister
                0x9d001fac      0x12c
 .text.DRV_TMR_AlarmRegister
                0x9d001fac      0x12c build/default/production/_ext/185269848/drv_tmr.o
                0x9d001fac                DRV_TMR_AlarmRegister

.text.DRV_SPI_SYS_QUEUE_CreateQueue
                0x9d0020d8      0x108
 .text.DRV_SPI_SYS_QUEUE_CreateQueue
                0x9d0020d8      0x108 build/default/production/_ext/465164171/drv_spi_sys_queue_fifo.o
                0x9d0020d8                DRV_SPI_SYS_QUEUE_CreateQueue

.text._DRV_TMR_ClockSourceSet
                0x9d0021e0       0xf4
 .text._DRV_TMR_ClockSourceSet
                0x9d0021e0       0xf4 build/default/production/_ext/185269848/drv_tmr.o

.text.DRV_SPI_SYS_QUEUE_AllocElement
                0x9d0022d4       0xf0
 .text.DRV_SPI_SYS_QUEUE_AllocElement
                0x9d0022d4       0xf0 build/default/production/_ext/465164171/drv_spi_sys_queue_fifo.o
                0x9d0022d4                DRV_SPI_SYS_QUEUE_AllocElement

.text.DRV_SPI_PolledErrorTasks
                0x9d0023c4       0xe8
 .text.DRV_SPI_PolledErrorTasks
                0x9d0023c4       0xe8 build/default/production/_ext/568870469/drv_spi.o
                0x9d0023c4                DRV_SPI_PolledErrorTasks

.text._SYS_TMR_ClientParamSet
                0x9d0024ac       0xe8
 .text._SYS_TMR_ClientParamSet
                0x9d0024ac       0xe8 build/default/production/_ext/1264926591/sys_tmr.o

.text.SYS_TMR_ObjectCountGet
                0x9d002594       0xe4
 .text.SYS_TMR_ObjectCountGet
                0x9d002594       0xe4 build/default/production/_ext/1264926591/sys_tmr.o
                0x9d002594                SYS_TMR_ObjectCountGet

.text.SYS_DEVCON_PerformanceConfig
                0x9d002678       0xe0
 .text.SYS_DEVCON_PerformanceConfig
                0x9d002678       0xe0 build/default/production/_ext/340578644/sys_devcon_pic32mx.o
                0x9d002678                SYS_DEVCON_PerformanceConfig

.text.general_exception
                0x9d002758       0xdc
 .text.general_exception
                0x9d002758       0xdc c:/program files (x86)/microchip/xc32/v2.15/bin/bin/../../lib/gcc/pic32mx/4.8.3/../../../../pic32mx/lib\libpic32.a(general-exception.o)
                0x9d002758                _general_exception_context

.text.TES_relay_set
                0x9d002834       0xd8
 .text.TES_relay_set
                0x9d002834       0xd8 build/default/production/_ext/1360937237/TES_relay_set.o
                0x9d002834                TES_relay_set

.text.DRV_TMR_CounterFrequencyGet
                0x9d00290c       0xd8
 .text.DRV_TMR_CounterFrequencyGet
                0x9d00290c       0xd8 build/default/production/_ext/185269848/drv_tmr.o
                0x9d00290c                DRV_TMR_CounterFrequencyGet

.text.DRV_ADC_Initialize
                0x9d0029e4       0xd0
 .text.DRV_ADC_Initialize
                0x9d0029e4       0xd0 build/default/production/_ext/1361460060/drv_adc_static.o
                0x9d0029e4                DRV_ADC_Initialize

.text._DRV_TMR_ClockPrescaleSet
                0x9d002ab4       0xc8
 .text._DRV_TMR_ClockPrescaleSet
                0x9d002ab4       0xc8 build/default/production/_ext/185269848/drv_tmr.o

.text.DRV_TMR_Tasks
                0x9d002b7c       0xc8
 .text.DRV_TMR_Tasks
                0x9d002b7c       0xc8 build/default/production/_ext/185269848/drv_tmr.o
                0x9d002b7c                DRV_TMR_Tasks

.text.SYS_TMR_Initialize
                0x9d002c44       0xc0
 .text.SYS_TMR_Initialize
                0x9d002c44       0xc0 build/default/production/_ext/1264926591/sys_tmr.o
                0x9d002c44                SYS_TMR_Initialize

.text.SYS_PORTS_Initialize
                0x9d002d04       0xb8
 .text.SYS_PORTS_Initialize
                0x9d002d04       0xb8 build/default/production/_ext/822048611/sys_ports_static.o
                0x9d002d04                SYS_PORTS_Initialize

.text._SYS_TMR_ClientCheckSrvLock
                0x9d002dbc       0xb0
 .text._SYS_TMR_ClientCheckSrvLock
                0x9d002dbc       0xb0 build/default/production/_ext/1264926591/sys_tmr.o

.text.DRV_SPI_SYS_QUEUE_FreeElement
                0x9d002e6c       0xac
 .text.DRV_SPI_SYS_QUEUE_FreeElement
                0x9d002e6c       0xac build/default/production/_ext/465164171/drv_spi_sys_queue_fifo.o
                0x9d002e6c                DRV_SPI_SYS_QUEUE_FreeElement

.text           0x9d002f18       0xa8
 .text          0x9d002f18       0xa8 c:/program files (x86)/microchip/xc32/v2.15/bin/bin/../../lib/gcc/pic32mx/4.8.3/../../../../pic32mx/lib\libpic32.a(memset.o)
                0x9d002f18                memset

.text.DRV_SPI_SetVTable
                0x9d002fc0       0xa4
 .text.DRV_SPI_SetVTable
                0x9d002fc0       0xa4 build/default/production/_ext/977502197/drv_spi_api.o
                0x9d002fc0                DRV_SPI_SetVTable

.text.TES_relay_clear
                0x9d003064       0x9c
 .text.TES_relay_clear
                0x9d003064       0x9c build/default/production/_ext/1360937237/TES_relay_set.o
                0x9d003064                TES_relay_clear

.text._DRV_SPI_SYS_QUEUE_LockQueue
                0x9d003100       0x94
 .text._DRV_SPI_SYS_QUEUE_LockQueue
                0x9d003100       0x94 build/default/production/_ext/465164171/drv_spi_sys_queue_fifo.o
                0x9d003100                _DRV_SPI_SYS_QUEUE_LockQueue

.text.DRV_SPI_MasterRMSend32BitPolled
                0x9d003194       0x90
 .text.DRV_SPI_MasterRMSend32BitPolled
                0x9d003194       0x90 build/default/production/_ext/977502197/drv_spi_master_rm_tasks.o
                0x9d003194                DRV_SPI_MasterRMSend32BitPolled

.text._DRV_TMR_ModuleObj
                0x9d003224       0x84
 .text._DRV_TMR_ModuleObj
                0x9d003224       0x84 build/default/production/_ext/185269848/drv_tmr.o

.text           0x9d0032a8       0x84
 .text          0x9d0032a8       0x84 c:/program files (x86)/microchip/xc32/v2.15/bin/bin/../../lib/gcc/pic32mx/4.8.3/../../../../pic32mx/lib\libpic32.a(pic32_data_init.o)
                0x9d0032a8                __pic32_data_init

.text.DRV_SPI_SlaveRMReceive32BitPolled
                0x9d00332c       0x7c
 .text.DRV_SPI_SlaveRMReceive32BitPolled
                0x9d00332c       0x7c build/default/production/_ext/977502197/drv_spi_slave_rm_tasks.o
                0x9d00332c                DRV_SPI_SlaveRMReceive32BitPolled

.text._DRV_SPI_SYS_QUEUE_UnlockQueue
                0x9d0033a8       0x7c
 .text._DRV_SPI_SYS_QUEUE_UnlockQueue
                0x9d0033a8       0x7c build/default/production/_ext/465164171/drv_spi_sys_queue_fifo.o
                0x9d0033a8                _DRV_SPI_SYS_QUEUE_UnlockQueue

.text.DRV_SPI_MasterRMReceive32BitPolled
                0x9d003424       0x78
 .text.DRV_SPI_MasterRMReceive32BitPolled
                0x9d003424       0x78 build/default/production/_ext/977502197/drv_spi_master_rm_tasks.o
                0x9d003424                DRV_SPI_MasterRMReceive32BitPolled

.text._DRV_TMR_Resume
                0x9d00349c       0x68
 .text._DRV_TMR_Resume
                0x9d00349c       0x68 build/default/production/_ext/185269848/drv_tmr.o

.text.DRV_TMR_Start
                0x9d003504       0x64
 .text.DRV_TMR_Start
                0x9d003504       0x64 build/default/production/_ext/185269848/drv_tmr.o
                0x9d003504                DRV_TMR_Start

.text.DRV_SPI_SYS_QUEUE_AllocElementLock
                0x9d003568       0x60
 .text.DRV_SPI_SYS_QUEUE_AllocElementLock
                0x9d003568       0x60 build/default/production/_ext/465164171/drv_spi_sys_queue_fifo.o
                0x9d003568                DRV_SPI_SYS_QUEUE_AllocElementLock

.text.DRV_SPI_SYS_QUEUE_FreeElementLock
                0x9d0035c8       0x60
 .text.DRV_SPI_SYS_QUEUE_FreeElementLock
                0x9d0035c8       0x60 build/default/production/_ext/465164171/drv_spi_sys_queue_fifo.o
                0x9d0035c8                DRV_SPI_SYS_QUEUE_FreeElementLock

.text.DRV_SPI_SYS_QUEUE_EnqueueLock
                0x9d003628       0x60
 .text.DRV_SPI_SYS_QUEUE_EnqueueLock
                0x9d003628       0x60 build/default/production/_ext/465164171/drv_spi_sys_queue_fifo.o
                0x9d003628                DRV_SPI_SYS_QUEUE_EnqueueLock

.text.DRV_SPI_SYS_QUEUE_DequeueLock
                0x9d003688       0x60
 .text.DRV_SPI_SYS_QUEUE_DequeueLock
                0x9d003688       0x60 build/default/production/_ext/465164171/drv_spi_sys_queue_fifo.o
                0x9d003688                DRV_SPI_SYS_QUEUE_DequeueLock

.text.DRV_TMR_Open
                0x9d0036e8       0x5c
 .text.DRV_TMR_Open
                0x9d0036e8       0x5c build/default/production/_ext/185269848/drv_tmr.o
                0x9d0036e8                DRV_TMR_Open

.text.DRV_TMR_AlarmEnable
                0x9d003744       0x5c
 .text.DRV_TMR_AlarmEnable
                0x9d003744       0x5c build/default/production/_ext/185269848/drv_tmr.o
                0x9d003744                DRV_TMR_AlarmEnable

.text.SYS_DEVCON_SystemUnlock
                0x9d0037a0       0x58
 .text.SYS_DEVCON_SystemUnlock
                0x9d0037a0       0x58 build/default/production/_ext/340578644/sys_devcon.o
                0x9d0037a0                SYS_DEVCON_SystemUnlock

.text.DRV_SPI_SYS_QUEUE_Dequeue
                0x9d0037f8       0x58
 .text.DRV_SPI_SYS_QUEUE_Dequeue
                0x9d0037f8       0x58 build/default/production/_ext/465164171/drv_spi_sys_queue_fifo.o
                0x9d0037f8                DRV_SPI_SYS_QUEUE_Dequeue

.text.DRV_SPI_SlaveRMSend32BitPolled
                0x9d003850       0x54
 .text.DRV_SPI_SlaveRMSend32BitPolled
                0x9d003850       0x54 build/default/production/_ext/977502197/drv_spi_slave_rm_tasks.o
                0x9d003850                DRV_SPI_SlaveRMSend32BitPolled

.text.SYS_INT_SourceDisable
                0x9d0038a4       0x54
 .text.SYS_INT_SourceDisable
                0x9d0038a4       0x54 build/default/production/_ext/122796885/sys_int_pic32.o
                0x9d0038a4                SYS_INT_SourceDisable

.text.main_entry
                0x9d0038f8       0x54
 .text.main_entry
                0x9d0038f8       0x54 C:\Users\jvasquez\AppData\Local\Temp\1\ccMO0G7Y.o
                0x9d00392c                __crt0_exit

.text._DRV_TMR_Suspend
                0x9d00394c       0x50
 .text._DRV_TMR_Suspend
                0x9d00394c       0x50 build/default/production/_ext/185269848/drv_tmr.o

.text.SYS_CLK_SecondaryOscillatorEnable
                0x9d00399c       0x48
 .text.SYS_CLK_SecondaryOscillatorEnable
                0x9d00399c       0x48 build/default/production/_ext/639803181/sys_clk_pic32mx.o
                0x9d00399c                SYS_CLK_SecondaryOscillatorEnable

.text.SYS_DEVCON_SystemLock
                0x9d0039e4       0x48
 .text.SYS_DEVCON_SystemLock
                0x9d0039e4       0x48 build/default/production/_ext/340578644/sys_devcon.o
                0x9d0039e4                SYS_DEVCON_SystemLock

.text.DRV_TMR_Close
                0x9d003a2c       0x48
 .text.DRV_TMR_Close
                0x9d003a2c       0x48 build/default/production/_ext/185269848/drv_tmr.o
                0x9d003a2c                DRV_TMR_Close

.text._bootstrap_exception_handler
                0x9d003a74       0x48
 .text._bootstrap_exception_handler
                0x9d003a74       0x48 c:/program files (x86)/microchip/xc32/v2.15/bin/bin/../../lib/gcc/pic32mx/4.8.3/../../../../pic32mx/lib\libpic32.a(default-bootstrap-exception-handler.o)
                0x9d003a74                _bootstrap_exception_handler

.vector_default
                0x9d003abc       0x48
 .vector_default
                0x9d003abc       0x48 c:/program files (x86)/microchip/xc32/v2.15/bin/bin/../../lib/gcc/pic32mx/4.8.3/../../../../pic32mx/lib\libpic32.a(defaultinterrupt.o)
                0x9d003abc                _DefaultInterrupt

.text.SYS_CLK_Initialize
                0x9d003b04       0x44
 .text.SYS_CLK_Initialize
                0x9d003b04       0x44 build/default/production/_ext/639803181/sys_clk_pic32mx.o
                0x9d003b04                SYS_CLK_Initialize

.text           0x9d003b48       0x44
 .text          0x9d003b48       0x44 c:/program files (x86)/microchip/xc32/v2.15/bin/bin/../../lib/gcc/pic32mx/4.8.3/../../../../pic32mx/lib\pic32_software_reset.o
                0x9d003b48                __pic32_software_reset

.rodata         0x9d003b8c       0x40
 .rodata        0x9d003b8c       0x40 build/default/production/_ext/1688732426/system_init.o
                0x9d003b8c                sysTmrInitData
                0x9d003b94                drvTmr1InitData
                0x9d003bb0                drvTmr0InitData

.text.DRV_SPI_SYS_QUEUE_Enqueue
                0x9d003bcc       0x40
 .text.DRV_SPI_SYS_QUEUE_Enqueue
                0x9d003bcc       0x40 build/default/production/_ext/465164171/drv_spi_sys_queue_fifo.o
                0x9d003bcc                DRV_SPI_SYS_QUEUE_Enqueue

.text.SYS_Tasks
                0x9d003c0c       0x3c
 .text.SYS_Tasks
                0x9d003c0c       0x3c build/default/production/_ext/1688732426/system_tasks.o
                0x9d003c0c                SYS_Tasks

.text.DRV_SPI_BufferAddWriteRead
                0x9d003c48       0x34
 .text.DRV_SPI_BufferAddWriteRead
                0x9d003c48       0x34 build/default/production/_ext/568870469/drv_spi.o
                0x9d003c48                DRV_SPI_BufferAddWriteRead

.text._SYS_TMR_AlarmCallback
                0x9d003c7c       0x2c
 .text._SYS_TMR_AlarmCallback
                0x9d003c7c       0x2c build/default/production/_ext/1264926591/sys_tmr.o

.text._DRV_SPI_RootDriverDeinitialization
                0x9d003ca8       0x28
 .text._DRV_SPI_RootDriverDeinitialization
                0x9d003ca8       0x28 build/default/production/_ext/568870469/drv_spi.o

.text._general_exception_handler
                0x9d003cd0       0x24
 .text._general_exception_handler
                0x9d003cd0       0x24 build/default/production/_ext/1688732426/system_exceptions.o
                0x9d003cd0                _general_exception_handler

.text.SYS_TMR_DelayMS
                0x9d003cf4       0x24
 .text.SYS_TMR_DelayMS
                0x9d003cf4       0x24 build/default/production/_ext/1264926591/sys_tmr.o
                0x9d003cf4                SYS_TMR_DelayMS

.text.DRV_ADC_Open
                0x9d003d18       0x20
 .text.DRV_ADC_Open
                0x9d003d18       0x20 build/default/production/_ext/1361460060/drv_adc_static.o
                0x9d003d18                DRV_ADC_Open

.text.DRV_ADC_SamplesRead
                0x9d003d38       0x20
 .text.DRV_ADC_SamplesRead
                0x9d003d38       0x20 build/default/production/_ext/1361460060/drv_adc_static.o
                0x9d003d38                DRV_ADC_SamplesRead

.text.main      0x9d003d58       0x20
 .text.main     0x9d003d58       0x20 build/default/production/_ext/1360937237/main.o
                0x9d003d58                main

.text.DRV_SPI_Tasks
                0x9d003d78       0x20
 .text.DRV_SPI_Tasks
                0x9d003d78       0x20 build/default/production/_ext/568870469/drv_spi.o
                0x9d003d78                DRV_SPI_Tasks

.text.SYS_TMR_DelayStatusGet
                0x9d003d98       0x20
 .text.SYS_TMR_DelayStatusGet
                0x9d003d98       0x20 build/default/production/_ext/1264926591/sys_tmr.o
                0x9d003d98                SYS_TMR_DelayStatusGet

.rodata         0x9d003db8       0x1c
 .rodata        0x9d003db8       0x1c build/default/production/_ext/185269848/drv_tmr.o

.text.SYS_INT_StatusGetAndDisable
                0x9d003dd4       0x1c
 .text.SYS_INT_StatusGetAndDisable